<html>
<body>
<pre>
<h1>µVision Build Log</h1>
<h2>Tool Versions:</h2>
IDE-Version: ¦ÌVision V5.28.0.0
Copyright (C) 2019 ARM Ltd and ARM Germany GmbH. All rights reserved.
License Information: 123 Microsoft, Microsoft, LIC=SDA0P-M7PS0-EVD1R-K3GDD-YNS0T-ALA3Q
 
Tool Versions:
Toolchain:       MDK-ARM Plus  Version: 5.28.0.0
Toolchain Path:  E:\Keil_v5\ARM\ARMCC\Bin
C Compiler:      Armcc.exe V5.06 update 6 (build 750)
Assembler:       Armasm.exe V5.06 update 6 (build 750)
Linker/Locator:  ArmLink.exe V5.06 update 6 (build 750)
Library Manager: ArmAr.exe V5.06 update 6 (build 750)
Hex Converter:   FromElf.exe V5.06 update 6 (build 750)
CPU DLL:         SARMCM3.DLL V5.28.0.0
Dialog DLL:      DCM.DLL V1.17.3.0
Target DLL:      CMSIS_AGDI.dll V1.31.18.0
Dialog DLL:      TCM.DLL V1.36.2.0
 
<h2>Project:</h2>
E:\Ò°»ðµç×Ó\WIFI\WIFI__AP6181\base_code_h743\wifi_lwip_tcpecho_socket-ov5640\Project\RVMDK£¨uv5£©\Fire_H743.uvprojx
Project File Date:  12/05/2019

<h2>Output:</h2>
*** Using Compiler 'V5.06 update 6 (build 750)', folder: 'E:\Keil_v5\ARM\ARMCC\Bin'
Build target 'Fire_H7'
compiling main.c...
..\..\User\main.c(37): warning:  #1295-D: Deprecated declaration BSP_Init - give arg types
  void BSP_Init();
..\..\User\main.c(71): warning:  #223-D: function "OV5640_JPEGConfig" declared implicitly
  	OV5640_JPEGConfig(JPEG_IMAGE_FORMAT);
..\..\User\main.c(75): warning:  #223-D: function "OV5640_AUTO_FOCUS" declared implicitly
  	OV5640_AUTO_FOCUS();
..\..\User\main.c: 3 warnings, 0 errors
linking...
Program Size: Code=25704 RO-data=12612 RW-data=4104 ZI-data=8391560  
"..\..\Output\Fire_H7.axf" - 0 Error(s), 3 Warning(s).

<h2>Software Packages used:</h2>

Package Vendor: Keil
                https://www.keil.com/pack/Keil.STM32H7xx_DFP.2.3.1.pack
                Keil.STM32H7xx_DFP.2.3.1
                STMicroelectronics STM32H7 Series Device Support and Examples

<h2>Collection of Component include folders:</h2>
  .\RTE\_Fire_H7
  E:\Keil_v5\Packs\Keil\STM32H7xx_DFP\2.3.1\Drivers\CMSIS\Device\ST\STM32H7xx\Include

<h2>Collection of Component Files used:</h2>
Build Time Elapsed:  00:00:07
</pre>
</body>
</html>
