Component: ARM Compiler 5.06 update 6 (build 750) Tool: armlink [4d35ed]

==============================================================================

Section Cross References

    startup_stm32h743xx.o(RESET) refers to startup_stm32h743xx.o(STACK) for __initial_sp
    startup_stm32h743xx.o(RESET) refers to startup_stm32h743xx.o(.text) for Reset_Handler
    startup_stm32h743xx.o(RESET) refers to stm32h7xx_it.o(i.NMI_Handler) for NMI_Handler
    startup_stm32h743xx.o(RESET) refers to cmb_fault.o(.text) for HardFault_Handler
    startup_stm32h743xx.o(RESET) refers to stm32h7xx_it.o(i.MemManage_Handler) for MemManage_Handler
    startup_stm32h743xx.o(RESET) refers to stm32h7xx_it.o(i.BusFault_Handler) for BusFault_Handler
    startup_stm32h743xx.o(RESET) refers to stm32h7xx_it.o(i.UsageFault_Handler) for UsageFault_Handler
    startup_stm32h743xx.o(RESET) refers to port.o(.emb_text) for SVC_Handler
    startup_stm32h743xx.o(RESET) refers to stm32h7xx_it.o(i.DebugMon_Handler) for DebugMon_Handler
    startup_stm32h743xx.o(RESET) refers to stm32h7xx_it.o(i.SysTick_Handler) for SysTick_Handler
    startup_stm32h743xx.o(RESET) refers to wwd_sdio.o(i.SDMMC1_IRQHandler) for SDMMC1_IRQHandler
    startup_stm32h743xx.o(.text) refers to system_stm32h7xx.o(i.SystemInit) for SystemInit
    startup_stm32h743xx.o(.text) refers to entry.o(.ARM.Collect$$$$00000000) for __main
    system_stm32h7xx.o(i.SystemCoreClockUpdate) refers to system_stm32h7xx.o(.data) for .data
    system_stm32h7xx.o(i.SystemCoreClockUpdate) refers to system_stm32h7xx.o(.constdata) for .constdata
    stm32h7xx_hal.o(i.HAL_DeInit) refers to stm32h7xx_hal.o(i.HAL_MspDeInit) for HAL_MspDeInit
    stm32h7xx_hal.o(i.HAL_Delay) refers to core_delay.o(i.HAL_GetTick) for HAL_GetTick
    stm32h7xx_hal.o(i.HAL_Delay) refers to stm32h7xx_hal.o(.data) for .data
    stm32h7xx_hal.o(i.HAL_GetTick) refers to stm32h7xx_hal.o(.data) for .data
    stm32h7xx_hal.o(i.HAL_GetTickFreq) refers to stm32h7xx_hal.o(.data) for .data
    stm32h7xx_hal.o(i.HAL_GetTickPrio) refers to stm32h7xx_hal.o(.data) for .data
    stm32h7xx_hal.o(i.HAL_IncTick) refers to stm32h7xx_hal.o(.data) for .data
    stm32h7xx_hal.o(i.HAL_Init) refers to stm32h7xx_hal_cortex.o(i.HAL_NVIC_SetPriorityGrouping) for HAL_NVIC_SetPriorityGrouping
    stm32h7xx_hal.o(i.HAL_Init) refers to core_delay.o(i.HAL_InitTick) for HAL_InitTick
    stm32h7xx_hal.o(i.HAL_Init) refers to stm32h7xx_hal.o(i.HAL_MspInit) for HAL_MspInit
    stm32h7xx_hal.o(i.HAL_SYSCFG_EnableVREFBUF) refers to core_delay.o(i.HAL_GetTick) for HAL_GetTick
    stm32h7xx_hal.o(i.HAL_SetTickFreq) refers to core_delay.o(i.HAL_InitTick) for HAL_InitTick
    stm32h7xx_hal.o(i.HAL_SetTickFreq) refers to stm32h7xx_hal.o(.data) for .data
    stm32h7xx_hal_cortex.o(i.HAL_NVIC_SetPriority) refers to stm32h7xx_hal_cortex.o(i.__NVIC_SetPriority) for __NVIC_SetPriority
    stm32h7xx_hal_cortex.o(i.HAL_SYSTICK_Config) refers to stm32h7xx_hal_cortex.o(i.__NVIC_SetPriority) for __NVIC_SetPriority
    stm32h7xx_hal_cortex.o(i.HAL_SYSTICK_IRQHandler) refers to stm32h7xx_hal_cortex.o(i.HAL_SYSTICK_Callback) for HAL_SYSTICK_Callback
    stm32h7xx_hal_dcmi.o(i.DCMI_DMAError) refers to stm32h7xx_hal_dcmi.o(i.HAL_DCMI_ErrorCallback) for HAL_DCMI_ErrorCallback
    stm32h7xx_hal_dcmi.o(i.DCMI_DMAXferCplt) refers to stm32h7xx_hal_dma_ex.o(i.HAL_DMAEx_ChangeMemory) for HAL_DMAEx_ChangeMemory
    stm32h7xx_hal_dcmi.o(i.HAL_DCMI_DeInit) refers to stm32h7xx_hal_dcmi.o(i.HAL_DCMI_MspDeInit) for HAL_DCMI_MspDeInit
    stm32h7xx_hal_dcmi.o(i.HAL_DCMI_IRQHandler) refers to stm32h7xx_hal_dma.o(i.HAL_DMA_Abort_IT) for HAL_DMA_Abort_IT
    stm32h7xx_hal_dcmi.o(i.HAL_DCMI_IRQHandler) refers to stm32h7xx_hal_dcmi.o(i.HAL_DCMI_LineEventCallback) for HAL_DCMI_LineEventCallback
    stm32h7xx_hal_dcmi.o(i.HAL_DCMI_IRQHandler) refers to bsp_ov5640.o(i.HAL_DCMI_VsyncEventCallback) for HAL_DCMI_VsyncEventCallback
    stm32h7xx_hal_dcmi.o(i.HAL_DCMI_IRQHandler) refers to stm32h7xx_hal_dcmi.o(i.HAL_DCMI_FrameEventCallback) for HAL_DCMI_FrameEventCallback
    stm32h7xx_hal_dcmi.o(i.HAL_DCMI_IRQHandler) refers to stm32h7xx_hal_dcmi.o(i.DCMI_DMAError) for DCMI_DMAError
    stm32h7xx_hal_dcmi.o(i.HAL_DCMI_Init) refers to stm32h7xx_hal_dcmi.o(i.HAL_DCMI_MspInit) for HAL_DCMI_MspInit
    stm32h7xx_hal_dcmi.o(i.HAL_DCMI_Start_DMA) refers to stm32h7xx_hal_dma.o(i.HAL_DMA_Start_IT) for HAL_DMA_Start_IT
    stm32h7xx_hal_dcmi.o(i.HAL_DCMI_Start_DMA) refers to stm32h7xx_hal_dma_ex.o(i.HAL_DMAEx_MultiBufferStart_IT) for HAL_DMAEx_MultiBufferStart_IT
    stm32h7xx_hal_dcmi.o(i.HAL_DCMI_Start_DMA) refers to stm32h7xx_hal_dcmi.o(i.DCMI_DMAXferCplt) for DCMI_DMAXferCplt
    stm32h7xx_hal_dcmi.o(i.HAL_DCMI_Start_DMA) refers to stm32h7xx_hal_dcmi.o(i.DCMI_DMAError) for DCMI_DMAError
    stm32h7xx_hal_dcmi.o(i.HAL_DCMI_Stop) refers to stm32h7xx_hal_dma.o(i.HAL_DMA_Abort) for HAL_DMA_Abort
    stm32h7xx_hal_dcmi.o(i.HAL_DCMI_Stop) refers to system_stm32h7xx.o(.data) for SystemCoreClock
[...]
    i.HAL_RCC_GetPCLK2Freq                   0x08001ba0   Section        0  stm32h7xx_hal_rcc.o(i.HAL_RCC_GetPCLK2Freq)
    i.HAL_UART_MspInit                       0x08001bcc   Section        0  stm32h7xx_hal_uart.o(i.HAL_UART_MspInit)
    i.HAL_UART_Transmit                      0x08001bce   Section        0  stm32h7xx_hal_uart.o(i.HAL_UART_Transmit)
    i.I2C_RequestMemoryRead                  0x08001c88   Section        0  stm32h7xx_hal_i2c.o(i.I2C_RequestMemoryRead)
    I2C_RequestMemoryRead                    0x08001c89   Thumb Code   130  stm32h7xx_hal_i2c.o(i.I2C_RequestMemoryRead)
    i.I2C_TransferConfig                     0x08001d10   Section        0  stm32h7xx_hal_i2c.o(i.I2C_TransferConfig)
    I2C_TransferConfig                       0x08001d11   Thumb Code    40  stm32h7xx_hal_i2c.o(i.I2C_TransferConfig)
    i.I2C_WaitOnFlagUntilTimeout             0x08001d3c   Section        0  stm32h7xx_hal_i2c.o(i.I2C_WaitOnFlagUntilTimeout)
    I2C_WaitOnFlagUntilTimeout               0x08001d3d   Thumb Code    78  stm32h7xx_hal_i2c.o(i.I2C_WaitOnFlagUntilTimeout)
    i.LCD_GetYSize                           0x08001d8c   Section        0  bsp_lcd.o(i.LCD_GetYSize)
    i.NMI_Handler                            0x08001dac   Section        0  stm32h7xx_it.o(i.NMI_Handler)
    i.OV5640_FOCUS_AD5820_Constant_Focus     0x08001db0   Section        0  ov5640_af.o(i.OV5640_FOCUS_AD5820_Constant_Focus)
    i.OV5640_FOCUS_AD5820_Init               0x08001eb4   Section        0  ov5640_af.o(i.OV5640_FOCUS_AD5820_Init)
    OV5640_FOCUS_AD5820_Init                 0x08001eb5   Thumb Code   244  ov5640_af.o(i.OV5640_FOCUS_AD5820_Init)
    i.OV5640_HW_Init                         0x08002048   Section        0  bsp_ov5640.o(i.OV5640_HW_Init)
    i.OV5640_WriteFW                         0x0800224c   Section        0  bsp_i2c.o(i.OV5640_WriteFW)
    i.RCCEx_PLL2_Config                      0x08002274   Section        0  stm32h7xx_hal_rcc_ex.o(i.RCCEx_PLL2_Config)
    RCCEx_PLL2_Config                        0x08002275   Thumb Code   208  stm32h7xx_hal_rcc_ex.o(i.RCCEx_PLL2_Config)
    i.SDMMC1_IRQHandler                      0x08002348   Section        0  wwd_sdio.o(i.SDMMC1_IRQHandler)
    i.SysTick_Handler                        0x080023d0   Section        0  stm32h7xx_it.o(i.SysTick_Handler)
    i.UART_AdvFeatureConfig                  0x080023e4   Section        0  stm32h7xx_hal_uart.o(i.UART_AdvFeatureConfig)
    i.UART_CheckIdleState                    0x080024ac   Section        0  stm32h7xx_hal_uart.o(i.UART_CheckIdleState)
    i.UART_WaitOnFlagUntilTimeout            0x08002508   Section        0  stm32h7xx_hal_uart.o(i.UART_WaitOnFlagUntilTimeout)
    i.__NVIC_SetPriority                     0x0800256c   Section        0  stm32h7xx_hal_cortex.o(i.__NVIC_SetPriority)
    __NVIC_SetPriority                       0x0800256d   Thumb Code    32  stm32h7xx_hal_cortex.o(i.__NVIC_SetPriority)
    i.__scatterload_copy                     0x0800258c   Section       14  handlers.o(i.__scatterload_copy)
    i.__scatterload_null                     0x0800259a   Section        2  handlers.o(i.__scatterload_null)
    i.__scatterload_zeroinit                 0x0800259c   Section       14  handlers.o(i.__scatterload_zeroinit)
    i._fp_digits                             0x080025ac   Section        0  printfa.o(i._fp_digits)
    _fp_digits                               0x080025ad   Thumb Code   366  printfa.o(i._fp_digits)
    i._printf_core                           0x08002730   Section        0  printfa.o(i._printf_core)
    _printf_core                             0x08002731   Thumb Code  1744  printfa.o(i._printf_core)
    i._printf_pre_padding                    0x08002e0c   Section        0  printfa.o(i._printf_pre_padding)
    _printf_pre_padding                      0x08002e0d   Thumb Code    46  printfa.o(i._printf_pre_padding)
    i._sputc                                 0x08002e3a   Section        0  printfa.o(i._sputc)
    _sputc                                   0x08002e3b   Thumb Code    10  printfa.o(i._sputc)
    i.cm_backtrace_firmware_info             0x08002e44   Section        0  cm_backtrace.o(i.cm_backtrace_firmware_info)
    i.fault_diagnosis                        0x08002e70   Section        0  cm_backtrace.o(i.fault_diagnosis)
    fault_diagnosis                          0x08002e71   Thumb Code   562  cm_backtrace.o(i.fault_diagnosis)
    i.fputc                                  0x080030b0   Section        0  bsp_debug_usart.o(i.fputc)
    i.host_rtos_set_semaphore                0x080030c8   Section        0  wwd_rtos.o(i.host_rtos_set_semaphore)
    i.print_call_stack                       0x0800310c   Section        0  cm_backtrace.o(i.print_call_stack)
    print_call_stack                         0x0800310d   Thumb Code   118  cm_backtrace.o(i.print_call_stack)
    i.prvAddCurrentTaskToDelayedList         0x080031a0   Section        0  tasks.o(i.prvAddCurrentTaskToDelayedList)
    prvAddCurrentTaskToDelayedList           0x080031a1   Thumb Code   104  tasks.o(i.prvAddCurrentTaskToDelayedList)
    i.prvUnlockQueue                         0x08003210   Section        0  queue.o(i.prvUnlockQueue)
    prvUnlockQueue                           0x08003211   Thumb Code   126  queue.o(i.prvUnlockQueue)
    i.statck_del_fpu_regs                    0x08003290   Section        0  cm_backtrace.o(i.statck_del_fpu_regs)
    statck_del_fpu_regs                      0x08003291   Thumb Code    24  cm_backtrace.o(i.statck_del_fpu_regs)
    i.uxListRemove                           0x080032ac   Section        0  list.o(i.uxListRemove)
    i.vListInsert                            0x080032d0   Section        0  list.o(i.vListInsert)
    i.vPortExitCritical                      0x08003300   Section        0  port.o(i.vPortExitCritical)
    i.vPortValidateInterruptPriority         0x08003340   Section        0  port.o(i.vPortValidateInterruptPriority)
    i.vTaskPlaceOnEventList                  0x080033a4   Section        0  tasks.o(i.vTaskPlaceOnEventList)
    i.vTaskSuspendAll                        0x08003428   Section        0  tasks.o(i.vTaskSuspendAll)
    i.vTaskSwitchContext                     0x08003438   Section        0  tasks.o(i.vTaskSwitchContext)
    i.xTaskGetSchedulerState                 0x080034e4   Section        0  tasks.o(i.xTaskGetSchedulerState)
    i.xTaskIncrementTick                     0x08003500   Section        0  tasks.o(i.xTaskIncrementTick)
    i.xTaskRemoveFromEventList               0x08003618   Section        0  tasks.o(i.xTaskRemoveFromEventList)
    i.xTaskResumeAll                         0x080036e0   Section        0  tasks.o(i.xTaskResumeAll)
    .constdata                               0x080037f8   Section       16  system_stm32h7xx.o(.constdata)
    .constdata                               0x08003808   Section       24  stm32h7xx_hal_uart.o(.constdata)
    UARTPrescTable                           0x08003808   Data          24  stm32h7xx_hal_uart.o(.constdata)
    .constdata                               0x08003820   Section     2496  bsp_ov5640.o(.constdata)
    .conststring                             0x080041e0   Section       75  ov5640_af.o(.conststring)
    .conststring                             0x0800422c   Section       93  port.o(.conststring)
    .conststring                             0x0800428c   Section     2069  cm_backtrace.o(.conststring)
    .emb_text                                0x08100000   Section      194  port.o(.emb_text)
    $v0                                      0x08100000   Number         0  port.o(.emb_text)
    .text                                    0x081000c2   Section        0  uldiv.o(.text)
    .text                                    0x08100124   Section        0  memmovea.o(.text)
    .text                                    0x08100164   Section        0  uidiv.o(.text)
    .text                                    0x08100190   Section        0  dadd.o(.text)
    .text                                    0x081002de   Section        0  dmul.o(.text)
    .text                                    0x081003c4   Section       48  cdrcmple.o(.text)
    .text                                    0x081003f4   Section        0  depilogue.o(.text)
    .text                                    0x081004ae   Section        0  __dclz77c.o(.text)
    i.BusFault_Handler                       0x0810050c   Section        0  stm32h7xx_it.o(i.BusFault_Handler)
    i.CPU_TS_Tmr_Delay_US                    0x08100510   Section        0  core_delay.o(i.CPU_TS_Tmr_Delay_US)
    i.DCMI_DMAError                          0x08100550   Section        0  stm32h7xx_hal_dcmi.o(i.DCMI_DMAError)
    DCMI_DMAError                            0x08100551   Thumb Code    32  stm32h7xx_hal_dcmi.o(i.DCMI_DMAError)
    i.DMA_CalcBaseAndBitshift                0x08100570   Section        0  stm32h7xx_hal_dma.o(i.DMA_CalcBaseAndBitshift)
    DMA_CalcBaseAndBitshift                  0x08100571   Thumb Code    38  stm32h7xx_hal_dma.o(i.DMA_CalcBaseAndBitshift)
    i.DMA_CalcDMAMUXChannelBaseAndMask       0x0810059c   Section        0  stm32h7xx_hal_dma.o(i.DMA_CalcDMAMUXChannelBaseAndMask)
    DMA_CalcDMAMUXChannelBaseAndMask         0x0810059d   Thumb Code    82  stm32h7xx_hal_dma.o(i.DMA_CalcDMAMUXChannelBaseAndMask)
    i.DMA_CalcDMAMUXRequestGenBaseAndMask    0x08100600   Section        0  stm32h7xx_hal_dma.o(i.DMA_CalcDMAMUXRequestGenBaseAndMask)
    DMA_CalcDMAMUXRequestGenBaseAndMask      0x08100601   Thumb Code    56  stm32h7xx_hal_dma.o(i.DMA_CalcDMAMUXRequestGenBaseAndMask)
    i.DMA_SetConfig                          0x08100644   Section        0  stm32h7xx_hal_dma.o(i.DMA_SetConfig)
    DMA_SetConfig                            0x08100645   Thumb Code   138  stm32h7xx_hal_dma.o(i.DMA_SetConfig)
    i.HAL_DCMI_MspInit                       0x081006dc   Section        0  stm32h7xx_hal_dcmi.o(i.HAL_DCMI_MspInit)
    i.HAL_DMAEx_ChangeMemory                 0x081006de   Section        0  stm32h7xx_hal_dma_ex.o(i.HAL_DMAEx_ChangeMemory)
    i.HAL_DMAEx_MultiBufferStart_IT          0x081006f0   Section        0  stm32h7xx_hal_dma_ex.o(i.HAL_DMAEx_MultiBufferStart_IT)
    i.HAL_GPIO_Init                          0x081007f4   Section        0  stm32h7xx_hal_gpio.o(i.HAL_GPIO_Init)
    i.HAL_GPIO_WritePin                      0x081009e0   Section        0  stm32h7xx_hal_gpio.o(i.HAL_GPIO_WritePin)
    i.HAL_GetTick                            0x081009ec   Section        0  core_delay.o(i.HAL_GetTick)
    i.HAL_I2C_Mem_Read                       0x08100a08   Section        0  stm32h7xx_hal_i2c.o(i.HAL_I2C_Mem_Read)
    i.HAL_I2C_MspInit                        0x08100b98   Section        0  stm32h7xx_hal_i2c.o(i.HAL_I2C_MspInit)
    i.HAL_InitTick                           0x08100b9c   Section        0  core_delay.o(i.HAL_InitTick)
    i.HAL_NVIC_EnableIRQ                     0x08100bc0   Section        0  stm32h7xx_hal_cortex.o(i.HAL_NVIC_EnableIRQ)
    i.HAL_RCCEx_GetD3PCLK1Freq               0x08100bdc   Section        0  stm32h7xx_hal_rcc_ex.o(i.HAL_RCCEx_GetD3PCLK1Freq)
    i.HAL_RCCEx_GetPLL3ClockFreq             0x08100c08   Section        0  stm32h7xx_hal_rcc_ex.o(i.HAL_RCCEx_GetPLL3ClockFreq)
    i.HAL_RCC_GetPCLK1Freq                   0x08100d9c   Section        0  stm32h7xx_hal_rcc.o(i.HAL_RCC_GetPCLK1Freq)
    i.HAL_RCC_GetSysClockFreq                0x08100dc8   Section        0  stm32h7xx_hal_rcc.o(i.HAL_RCC_GetSysClockFreq)
    i.HAL_RCC_OscConfig                      0x08100f50   Section        0  stm32h7xx_hal_rcc.o(i.HAL_RCC_OscConfig)
    i.HAL_UART_Init                          0x081014c8   Section        0  stm32h7xx_hal_uart.o(i.HAL_UART_Init)
    i.I2CMaster_Init                         0x08101538   Section        0  bsp_i2c.o(i.I2CMaster_Init)
    i.I2C_Flush_TXDR                         0x08101600   Section        0  stm32h7xx_hal_i2c.o(i.I2C_Flush_TXDR)
    I2C_Flush_TXDR                           0x08101601   Thumb Code    34  stm32h7xx_hal_i2c.o(i.I2C_Flush_TXDR)
    i.I2C_IsAcknowledgeFailed                0x08101624   Section        0  stm32h7xx_hal_i2c.o(i.I2C_IsAcknowledgeFailed)
    I2C_IsAcknowledgeFailed                  0x08101625   Thumb Code   122  stm32h7xx_hal_i2c.o(i.I2C_IsAcknowledgeFailed)
    i.I2C_RequestMemoryWrite                 0x081016a4   Section        0  stm32h7xx_hal_i2c.o(i.I2C_RequestMemoryWrite)
    I2C_RequestMemoryWrite                   0x081016a5   Thumb Code   130  stm32h7xx_hal_i2c.o(i.I2C_RequestMemoryWrite)
    i.I2C_WaitOnSTOPFlagUntilTimeout         0x0810172c   Section        0  stm32h7xx_hal_i2c.o(i.I2C_WaitOnSTOPFlagUntilTimeout)
    I2C_WaitOnSTOPFlagUntilTimeout           0x0810172d   Thumb Code    76  stm32h7xx_hal_i2c.o(i.I2C_WaitOnSTOPFlagUntilTimeout)
    i.I2C_WaitOnTXISFlagUntilTimeout         0x08101778   Section        0  stm32h7xx_hal_i2c.o(i.I2C_WaitOnTXISFlagUntilTimeout)
    I2C_WaitOnTXISFlagUntilTimeout           0x08101779   Thumb Code    80  stm32h7xx_hal_i2c.o(i.I2C_WaitOnTXISFlagUntilTimeout)
    i.I2Cx_Error                             0x081017c8   Section        0  bsp_i2c.o(i.I2Cx_Error)
    I2Cx_Error                               0x081017c9   Thumb Code    16  bsp_i2c.o(i.I2Cx_Error)
    i.LCD_GetXSize                           0x081017dc   Section        0  bsp_lcd.o(i.LCD_GetXSize)
    i.MemManage_Handler                      0x081017fc   Section        0  stm32h7xx_it.o(i.MemManage_Handler)
    i.OV5640_AUTO_FOCUS                      0x081017fe   Section        0  ov5640_af.o(i.OV5640_AUTO_FOCUS)
    i.OV5640_DMA_Config                      0x0810180c   Section        0  bsp_ov5640.o(i.OV5640_DMA_Config)
    i.OV5640_Init                            0x08101898   Section        0  bsp_ov5640.o(i.OV5640_Init)
    i.OV5640_JPEGConfig                      0x081018fc   Section        0  bsp_ov5640.o(i.OV5640_JPEGConfig)
    i.OV5640_ReadID                          0x08101a80   Section        0  bsp_ov5640.o(i.OV5640_ReadID)
    i.OV5640_ReadReg                         0x08101a9c   Section        0  bsp_i2c.o(i.OV5640_ReadReg)
    i.OV5640_Reset                           0x08101ad0   Section        0  bsp_ov5640.o(i.OV5640_Reset)
    i.OV5640_WriteReg                        0x08101adc   Section        0  bsp_i2c.o(i.OV5640_WriteReg)
    i.RCCEx_PLL3_Config                      0x08101b0c   Section        0  stm32h7xx_hal_rcc_ex.o(i.RCCEx_PLL3_Config)
    RCCEx_PLL3_Config                        0x08101b0d   Thumb Code   208  stm32h7xx_hal_rcc_ex.o(i.RCCEx_PLL3_Config)
    i.SystemClock_Config                     0x08101be0   Section        0  main.o(i.SystemClock_Config)
    SystemClock_Config                       0x08101be1   Thumb Code   134  main.o(i.SystemClock_Config)
    i.SystemInit                             0x08101c6c   Section        0  system_stm32h7xx.o(i.SystemInit)
    i.UART_SetConfig                         0x08101cf0   Section        0  stm32h7xx_hal_uart.o(i.UART_SetConfig)
    i.UsageFault_Handler                     0x08102426   Section        0  stm32h7xx_it.o(i.UsageFault_Handler)
    i.__0printf                              0x08102428   Section        0  printfa.o(i.__0printf)
    i.__0sprintf                             0x08102448   Section        0  printfa.o(i.__0sprintf)
    i._printf_post_padding                   0x08102470   Section        0  printfa.o(i._printf_post_padding)
    _printf_post_padding                     0x08102471   Thumb Code    36  printfa.o(i._printf_post_padding)
    i.cm_backtrace_call_stack                0x08102494   Section        0  cm_backtrace.o(i.cm_backtrace_call_stack)
    i.cm_backtrace_fault                     0x08102548   Section        0  cm_backtrace.o(i.cm_backtrace_fault)
    i.dump_stack                             0x08102780   Section        0  cm_backtrace.o(i.dump_stack)
    dump_stack                               0x08102781   Thumb Code   120  cm_backtrace.o(i.dump_stack)
    i.main                                   0x08102848   Section        0  main.o(i.main)
    i.prvCopyDataToQueue                     0x081028f4   Section        0  queue.o(i.prvCopyDataToQueue)
    prvCopyDataToQueue                       0x081028f5   Thumb Code    92  queue.o(i.prvCopyDataToQueue)
    i.prvIsQueueFull                         0x08102950   Section        0  queue.o(i.prvIsQueueFull)
    prvIsQueueFull                           0x08102951   Thumb Code    30  queue.o(i.prvIsQueueFull)
    i.prvNotifyQueueSetContainer             0x08102970   Section        0  queue.o(i.prvNotifyQueueSetContainer)
    prvNotifyQueueSetContainer               0x08102971   Thumb Code   110  queue.o(i.prvNotifyQueueSetContainer)
    i.prvResetNextTaskUnblockTime            0x08102a30   Section        0  tasks.o(i.prvResetNextTaskUnblockTime)
    prvResetNextTaskUnblockTime              0x08102a31   Thumb Code    30  tasks.o(i.prvResetNextTaskUnblockTime)
    i.vListInsertEnd                         0x08102a54   Section        0  list.o(i.vListInsertEnd)
    i.vPortEnterCritical                     0x08102a6c   Section        0  port.o(i.vPortEnterCritical)
    i.vTaskMissedYield                       0x08102ac0   Section        0  tasks.o(i.vTaskMissedYield)
    i.vTaskSetTimeOutState                   0x08102acc   Section        0  tasks.o(i.vTaskSetTimeOutState)
    i.wwd_thread_notify_irq                  0x08102b40   Section        0  wwd_thread.o(i.wwd_thread_notify_irq)
    i.xPortSysTickHandler                    0x08102b5c   Section        0  port.o(i.xPortSysTickHandler)
    i.xQueueGenericSend                      0x08102b8c   Section        0  queue.o(i.xQueueGenericSend)
    i.xQueueGiveFromISR                      0x08102d48   Section        0  queue.o(i.xQueueGiveFromISR)
    i.xTaskCheckForTimeOut                   0x08102e4c   Section        0  tasks.o(i.xTaskCheckForTimeOut)
    .constdata                               0x08102f08   Section        8  stm32h7xx_hal_dma.o(.constdata)
    flagBitshiftOffset                       0x08102f08   Data           8  stm32h7xx_hal_dma.o(.constdata)
    .constdata                               0x08102f10   Section     6840  bsp_lcd.o(.constdata)
    .constdata                               0x081049c8   Section      220  cm_backtrace.o(.constdata)
    print_info                               0x081049c8   Data         148  cm_backtrace.o(.constdata)
    __FUNCTION__                             0x08104a5c   Data          20  cm_backtrace.o(.constdata)
    __FUNCTION__                             0x08104a70   Data          19  cm_backtrace.o(.constdata)
    .conststring                             0x08104aa4   Section       65  main.o(.conststring)
    .data                                    0x24000000   Section        4  system_stm32h7xx.o(.data)
    .data                                    0x24000004   Section        4  system_stm32h7xx.o(.data)
    .data                                    0x24000008   Section     3933  ov5640_af.o(.data)
    OV5640_AF_FW                             0x24000008   Data        3933  ov5640_af.o(.data)
    .data                                    0x24000f68   Section       16  bsp_lcd.o(.data)
    everRead                                 0x24000f68   Data           1  bsp_lcd.o(.data)
    .data                                    0x24000f78   Section       64  tasks.o(.data)
    uxDeletedTasksWaitingCleanUp             0x24000f7c   Data           4  tasks.o(.data)
    uxCurrentNumberOfTasks                   0x24000f80   Data           4  tasks.o(.data)
    xTickCount                               0x24000f84   Data           4  tasks.o(.data)
    uxTopReadyPriority                       0x24000f88   Data           4  tasks.o(.data)
    xSchedulerRunning                        0x24000f8c   Data           4  tasks.o(.data)
    uxPendedTicks                            0x24000f90   Data           4  tasks.o(.data)
    xYieldPending                            0x24000f94   Data           4  tasks.o(.data)
    xNumOfOverflows                          0x24000f98   Data           4  tasks.o(.data)
    uxTaskNumber                             0x24000f9c   Data           4  tasks.o(.data)
    xNextTaskUnblockTime                     0x24000fa0   Data           4  tasks.o(.data)
    xIdleTaskHandle                          0x24000fa4   Data           4  tasks.o(.data)
    uxSchedulerSuspended                     0x24000fa8   Data           4  tasks.o(.data)
    pxDelayedTaskList                        0x24000fac   Data           4  tasks.o(.data)
    pxOverflowDelayedTaskList                0x24000fb0   Data           4  tasks.o(.data)
    __tagsym$$used                           0x24000fb4   Number         0  tasks.o(.data)
    uxTopUsedPriority                        0x24000fb4   Data           4  tasks.o(.data)
    .data                                    0x24000fb8   Section       12  port.o(.data)
    ucMaxSysCallPriority                     0x24000fb8   Data           1  port.o(.data)
    uxCriticalNesting                        0x24000fbc   Data           4  port.o(.data)
    ulMaxPRIGROUPValue                       0x24000fc0   Data           4  port.o(.data)
    .data                                    0x24000fc4   Section       12  wwd_thread.o(.data)
    wwd_thread_quit_flag                     0x24000fc4   Data           1  wwd_thread.o(.data)
    wwd_inited                               0x24000fc5   Data           1  wwd_thread.o(.data)
    wwd_bus_interrupt                        0x24000fc6   Data           1  wwd_thread.o(.data)
    wwd_thread                               0x24000fc8   Data           4  wwd_thread.o(.data)
    wwd_transceive_semaphore                 0x24000fcc   Data           4  wwd_thread.o(.data)
    .data                                    0x24000fd0   Section       28  wwd_sdio.o(.data)
    sdio_transfer_failed                     0x24000fd0   Data           1  wwd_sdio.o(.data)
    current_transfer_direction               0x24000fd1   Data           1  wwd_sdio.o(.data)
    user_data                                0x24000fd4   Data           4  wwd_sdio.o(.data)
    user_data_size                           0x24000fd8   Data           4  wwd_sdio.o(.data)
    dma_data_source                          0x24000fdc   Data           4  wwd_sdio.o(.data)
    dma_transfer_size                        0x24000fe0   Data           4  wwd_sdio.o(.data)
    sdio_transfer_finished_semaphore         0x24000fe4   Data           4  wwd_sdio.o(.data)
    current_command                          0x24000fe8   Data           4  wwd_sdio.o(.data)
    .data                                    0x24000fec   Section       24  cm_backtrace.o(.data)
    init_ok                                  0x24000fec   Data           1  cm_backtrace.o(.data)
    on_fault                                 0x24000fed   Data           1  cm_backtrace.o(.data)
    stack_is_overflow                        0x24000fee   Data           1  cm_backtrace.o(.data)
    statck_has_fpu_regs                      0x24000fef   Data           1  cm_backtrace.o(.data)
    on_thread_before_fault                   0x24000ff0   Data           1  cm_backtrace.o(.data)
    main_stack_start_addr                    0x24000ff4   Data           4  cm_backtrace.o(.data)
    main_stack_size                          0x24000ff8   Data           4  cm_backtrace.o(.data)
    code_start_addr                          0x24000ffc   Data           4  cm_backtrace.o(.data)
    code_size                                0x24001000   Data           4  cm_backtrace.o(.data)
    .data                                    0x24001004   Section        4  stdout.o(.data)
    .bss                                     0x24001008   Section      128  bsp_debug_usart.o(.bss)
    .bss                                     0x24001088   Section       76  bsp_i2c.o(.bss)
    .bss                                     0x240010d4   Section      200  bsp_ov5640.o(.bss)
    .bss                                     0x2400119c   Section      476  bsp_lcd.o(.bss)
    periph_clk_init_struct                   0x2400119c   Data         188  bsp_lcd.o(.bss)
    Ltdc_Handler                             0x24001258   Data         168  bsp_lcd.o(.bss)
    Dma2d_Handler                            0x24001300   Data          96  bsp_lcd.o(.bss)
    .bss                                     0x24001378   Section      740  tasks.o(.bss)
    pxReadyTasksLists                        0x24001378   Data         640  tasks.o(.bss)
    xDelayedTaskList1                        0x240015f8   Data          20  tasks.o(.bss)
    xDelayedTaskList2                        0x2400160c   Data          20  tasks.o(.bss)
    xPendingReadyList                        0x24001620   Data          20  tasks.o(.bss)
    xTasksWaitingTermination                 0x24001634   Data          20  tasks.o(.bss)
    xSuspendedTaskList                       0x24001648   Data          20  tasks.o(.bss)
    .bss                                     0x2400165c   Section      308  cm_backtrace.o(.bss)
    fw_name                                  0x2400165c   Data          32  cm_backtrace.o(.bss)
    hw_ver                                   0x2400167c   Data          32  cm_backtrace.o(.bss)
    sw_ver                                   0x2400169c   Data          32  cm_backtrace.o(.bss)
    call_stack_info                          0x240016bc   Data         144  cm_backtrace.o(.bss)
    regs                                     0x2400174c   Data          68  cm_backtrace.o(.bss)
    STACK                                    0x24001790   Section     1024  startup_stm32h743xx.o(STACK)
    .ARM.__AT_0xD0000000                     0xd0000000   Section    8388608  camera_data_queue.o(.ARM.__AT_0xD0000000)

    Global Symbols

    Symbol Name                              Value     Ov Type        Size  Object(Section)

    BuildAttributes$$THM_ISAv4$E$P$D$K$B$S$7EM$VFPv5_D16$PE$PLD8$A:L22UL41UL21$X:L11$S22US41US21$IEEE1$IW$USESV6$~STKCKD$USESV7$~SHL$OSPACE$ROPI$EBA8$MICROLIB$REQ8$PRES8$EABIv2 0x00000000   Number         0  anon$$obj.o ABSOLUTE
    __ARM_use_no_argv                        0x00000000   Number         0  main.o ABSOLUTE
    _printf_a                                0x00000000   Number         0  stubs.o ABSOLUTE
    _printf_c                                0x00000000   Number         0  stubs.o ABSOLUTE
    _printf_charcount                        0x00000000   Number         0  stubs.o ABSOLUTE
    _printf_d                                0x00000000   Number         0  stubs.o ABSOLUTE
    _printf_e                                0x00000000   Number         0  stubs.o ABSOLUTE
    _printf_f                                0x00000000   Number         0  stubs.o ABSOLUTE
    _printf_flags                            0x00000000   Number         0  stubs.o ABSOLUTE
    _printf_fp_dec                           0x00000000   Number         0  stubs.o ABSOLUTE
    _printf_fp_hex                           0x00000000   Number         0  stubs.o ABSOLUTE
    _printf_g                                0x00000000   Number         0  stubs.o ABSOLUTE
    _printf_i                                0x00000000   Number         0  stubs.o ABSOLUTE
    _printf_int_dec                          0x00000000   Number         0  stubs.o ABSOLUTE
    _printf_l                                0x00000000   Number         0  stubs.o ABSOLUTE
    _printf_lc                               0x00000000   Number         0  stubs.o ABSOLUTE
    _printf_ll                               0x00000000   Number         0  stubs.o ABSOLUTE
    _printf_lld                              0x00000000   Number         0  stubs.o ABSOLUTE
    _printf_lli                              0x00000000   Number         0  stubs.o ABSOLUTE
    _printf_llo                              0x00000000   Number         0  stubs.o ABSOLUTE
    _printf_llu                              0x00000000   Number         0  stubs.o ABSOLUTE
    _printf_llx                              0x00000000   Number         0  stubs.o ABSOLUTE
    _printf_longlong_dec                     0x00000000   Number         0  stubs.o ABSOLUTE
    _printf_longlong_hex                     0x00000000   Number         0  stubs.o ABSOLUTE
    _printf_longlong_oct                     0x00000000   Number         0  stubs.o ABSOLUTE
    _printf_ls                               0x00000000   Number         0  stubs.o ABSOLUTE
    _printf_mbtowc                           0x00000000   Number         0  stubs.o ABSOLUTE
    _printf_n                                0x00000000   Number         0  stubs.o ABSOLUTE
    _printf_o                                0x00000000   Number         0  stubs.o ABSOLUTE
    _printf_p                                0x00000000   Number         0  stubs.o ABSOLUTE
    _printf_percent                          0x00000000   Number         0  stubs.o ABSOLUTE
    _printf_pre_padding                      0x00000000   Number         0  stubs.o ABSOLUTE
    _printf_return_value                     0x00000000   Number         0  stubs.o ABSOLUTE
    _printf_s                                0x00000000   Number         0  stubs.o ABSOLUTE
    _printf_sizespec                         0x00000000   Number         0  stubs.o ABSOLUTE
    _printf_str                              0x00000000   Number         0  stubs.o ABSOLUTE
    _printf_truncate_signed                  0x00000000   Number         0  stubs.o ABSOLUTE
    _printf_truncate_unsigned                0x00000000   Number         0  stubs.o ABSOLUTE
    _printf_u                                0x00000000   Number         0  stubs.o ABSOLUTE
    _printf_wc                               0x00000000   Number         0  stubs.o ABSOLUTE
    _printf_wctomb                           0x00000000   Number         0  stubs.o ABSOLUTE
    _printf_widthprec                        0x00000000   Number         0  stubs.o ABSOLUTE
    _printf_x                                0x00000000   Number         0  stubs.o ABSOLUTE
    __cpp_initialize__aeabi_                  - Undefined Weak Reference
    __cxa_finalize                            - Undefined Weak Reference
    _clock_init                               - Undefined Weak Reference
    _microlib_exit                            - Undefined Weak Reference
    __Vectors_Size                           0x00000298   Number         0  startup_stm32h743xx.o ABSOLUTE
    Image$$ER_IROM1$$Base                    0x08000000   Number         0  anon$$obj.o ABSOLUTE
    __Vectors                                0x08000000   Data           4  startup_stm32h743xx.o(RESET)
    __Vectors_End                            0x08000298   Data           0  startup_stm32h743xx.o(RESET)
    __main                                   0x08000299   Thumb Code     0  entry.o(.ARM.Collect$$$$00000000)
    _main_stk                                0x08000299   Thumb Code     0  entry2.o(.ARM.Collect$$$$00000001)
    _main_scatterload                        0x0800029d   Thumb Code     0  entry5.o(.ARM.Collect$$$$00000004)
    __main_after_scatterload                 0x080002a1   Thumb Code     0  entry5.o(.ARM.Collect$$$$00000004)
    _main_clock                              0x080002a1   Thumb Code     0  entry7b.o(.ARM.Collect$$$$00000008)
    _main_cpp_init                           0x080002a1   Thumb Code     0  entry8b.o(.ARM.Collect$$$$0000000A)
    _main_init                               0x080002a1   Thumb Code     0  entry9a.o(.ARM.Collect$$$$0000000B)
    __rt_final_cpp                           0x080002a9   Thumb Code     0  entry10a.o(.ARM.Collect$$$$0000000D)
    __rt_final_exit                          0x080002a9   Thumb Code     0  entry11a.o(.ARM.Collect$$$$0000000F)
    Reset_Handler                            0x080002ad   Thumb Code     8  startup_stm32h743xx.o(.text)
    ADC3_IRQHandler                          0x080002c7   Thumb Code     0  startup_stm32h743xx.o(.text)
    ADC_IRQHandler                           0x080002c7   Thumb Code     0  startup_stm32h743xx.o(.text)
    BDMA_Channel0_IRQHandler                 0x080002c7   Thumb Code     0  startup_stm32h743xx.o(.text)
    BDMA_Channel1_IRQHandler                 0x080002c7   Thumb Code     0  startup_stm32h743xx.o(.text)
    BDMA_Channel2_IRQHandler                 0x080002c7   Thumb Code     0  startup_stm32h743xx.o(.text)
    BDMA_Channel3_IRQHandler                 0x080002c7   Thumb Code     0  startup_stm32h743xx.o(.text)
    BDMA_Channel4_IRQHandler                 0x080002c7   Thumb Code     0  startup_stm32h743xx.o(.text)
    BDMA_Channel5_IRQHandler                 0x080002c7   Thumb Code     0  startup_stm32h743xx.o(.text)
    BDMA_Channel6_IRQHandler                 0x080002c7   Thumb Code     0  startup_stm32h743xx.o(.text)
    BDMA_Channel7_IRQHandler                 0x080002c7   Thumb Code     0  startup_stm32h743xx.o(.text)
    CEC_IRQHandler                           0x080002c7   Thumb Code     0  startup_stm32h743xx.o(.text)
    COMP1_IRQHandler                         0x080002c7   Thumb Code     0  startup_stm32h743xx.o(.text)
    CRS_IRQHandler                           0x080002c7   Thumb Code     0  startup_stm32h743xx.o(.text)
    DCMI_IRQHandler                          0x080002c7   Thumb Code     0  startup_stm32h743xx.o(.text)
    DFSDM1_FLT0_IRQHandler                   0x080002c7   Thumb Code     0  startup_stm32h743xx.o(.text)
    DFSDM1_FLT1_IRQHandler                   0x080002c7   Thumb Code     0  startup_stm32h743xx.o(.text)
    DFSDM1_FLT2_IRQHandler                   0x080002c7   Thumb Code     0  startup_stm32h743xx.o(.text)
    DFSDM1_FLT3_IRQHandler                   0x080002c7   Thumb Code     0  startup_stm32h743xx.o(.text)
    DMA1_Stream0_IRQHandler                  0x080002c7   Thumb Code     0  startup_stm32h743xx.o(.text)
    DMA1_Stream1_IRQHandler                  0x080002c7   Thumb Code     0  startup_stm32h743xx.o(.text)
    DMA1_Stream2_IRQHandler                  0x080002c7   Thumb Code     0  startup_stm32h743xx.o(.text)
    DMA1_Stream3_IRQHandler                  0x080002c7   Thumb Code     0  startup_stm32h743xx.o(.text)
    DMA1_Stream4_IRQHandler                  0x080002c7   Thumb Code     0  startup_stm32h743xx.o(.text)
    DMA1_Stream5_IRQHandler                  0x080002c7   Thumb Code     0  startup_stm32h743xx.o(.text)
    DMA1_Stream6_IRQHandler                  0x080002c7   Thumb Code     0  startup_stm32h743xx.o(.text)
    DMA1_Stream7_IRQHandler                  0x080002c7   Thumb Code     0  startup_stm32h743xx.o(.text)
    DMA2D_IRQHandler                         0x080002c7   Thumb Code     0  startup_stm32h743xx.o(.text)
    DMA2_Stream0_IRQHandler                  0x080002c7   Thumb Code     0  startup_stm32h743xx.o(.text)
    DMA2_Stream1_IRQHandler                  0x080002c7   Thumb Code     0  startup_stm32h743xx.o(.text)
    DMA2_Stream2_IRQHandler                  0x080002c7   Thumb Code     0  startup_stm32h743xx.o(.text)
    DMA2_Stream3_IRQHandler                  0x080002c7   Thumb Code     0  startup_stm32h743xx.o(.text)
    DMA2_Stream4_IRQHandler                  0x080002c7   Thumb Code     0  startup_stm32h743xx.o(.text)
    DMA2_Stream5_IRQHandler                  0x080002c7   Thumb Code     0  startup_stm32h743xx.o(.text)
    DMA2_Stream6_IRQHandler                  0x080002c7   Thumb Code     0  startup_stm32h743xx.o(.text)
    DMA2_Stream7_IRQHandler                  0x080002c7   Thumb Code     0  startup_stm32h743xx.o(.text)
    DMAMUX1_OVR_IRQHandler                   0x080002c7   Thumb Code     0  startup_stm32h743xx.o(.text)
    DMAMUX2_OVR_IRQHandler                   0x080002c7   Thumb Code     0  startup_stm32h743xx.o(.text)
    ETH_IRQHandler                           0x080002c7   Thumb Code     0  startup_stm32h743xx.o(.text)
    ETH_WKUP_IRQHandler                      0x080002c7   Thumb Code     0  startup_stm32h743xx.o(.text)
    EXTI0_IRQHandler                         0x080002c7   Thumb Code     0  startup_stm32h743xx.o(.text)
    EXTI15_10_IRQHandler                     0x080002c7   Thumb Code     0  startup_stm32h743xx.o(.text)
    EXTI1_IRQHandler                         0x080002c7   Thumb Code     0  startup_stm32h743xx.o(.text)
    EXTI2_IRQHandler                         0x080002c7   Thumb Code     0  startup_stm32h743xx.o(.text)
    EXTI3_IRQHandler                         0x080002c7   Thumb Code     0  startup_stm32h743xx.o(.text)
    EXTI4_IRQHandler                         0x080002c7   Thumb Code     0  startup_stm32h743xx.o(.text)
    EXTI9_5_IRQHandler                       0x080002c7   Thumb Code     0  startup_stm32h743xx.o(.text)
    FDCAN1_IT0_IRQHandler                    0x080002c7   Thumb Code     0  startup_stm32h743xx.o(.text)
    FDCAN1_IT1_IRQHandler                    0x080002c7   Thumb Code     0  startup_stm32h743xx.o(.text)
    FDCAN2_IT0_IRQHandler                    0x080002c7   Thumb Code     0  startup_stm32h743xx.o(.text)
    FDCAN2_IT1_IRQHandler                    0x080002c7   Thumb Code     0  startup_stm32h743xx.o(.text)
    FDCAN_CAL_IRQHandler                     0x080002c7   Thumb Code     0  startup_stm32h743xx.o(.text)
    FLASH_IRQHandler                         0x080002c7   Thumb Code     0  startup_stm32h743xx.o(.text)
    FMC_IRQHandler                           0x080002c7   Thumb Code     0  startup_stm32h743xx.o(.text)
    FPU_IRQHandler                           0x080002c7   Thumb Code     0  startup_stm32h743xx.o(.text)
    HRTIM1_FLT_IRQHandler                    0x080002c7   Thumb Code     0  startup_stm32h743xx.o(.text)
    HRTIM1_Master_IRQHandler                 0x080002c7   Thumb Code     0  startup_stm32h743xx.o(.text)
    HRTIM1_TIMA_IRQHandler                   0x080002c7   Thumb Code     0  startup_stm32h743xx.o(.text)
    HRTIM1_TIMB_IRQHandler                   0x080002c7   Thumb Code     0  startup_stm32h743xx.o(.text)
    HRTIM1_TIMC_IRQHandler                   0x080002c7   Thumb Code     0  startup_stm32h743xx.o(.text)
    HRTIM1_TIMD_IRQHandler                   0x080002c7   Thumb Code     0  startup_stm32h743xx.o(.text)
    HRTIM1_TIME_IRQHandler                   0x080002c7   Thumb Code     0  startup_stm32h743xx.o(.text)
    HSEM1_IRQHandler                         0x080002c7   Thumb Code     0  startup_stm32h743xx.o(.text)
    I2C1_ER_IRQHandler                       0x080002c7   Thumb Code     0  startup_stm32h743xx.o(.text)
    I2C1_EV_IRQHandler                       0x080002c7   Thumb Code     0  startup_stm32h743xx.o(.text)
    I2C2_ER_IRQHandler                       0x080002c7   Thumb Code     0  startup_stm32h743xx.o(.text)
    I2C2_EV_IRQHandler                       0x080002c7   Thumb Code     0  startup_stm32h743xx.o(.text)
    I2C3_ER_IRQHandler                       0x080002c7   Thumb Code     0  startup_stm32h743xx.o(.text)
    I2C3_EV_IRQHandler                       0x080002c7   Thumb Code     0  startup_stm32h743xx.o(.text)
    I2C4_ER_IRQHandler                       0x080002c7   Thumb Code     0  startup_stm32h743xx.o(.text)
    I2C4_EV_IRQHandler                       0x080002c7   Thumb Code     0  startup_stm32h743xx.o(.text)
    JPEG_IRQHandler                          0x080002c7   Thumb Code     0  startup_stm32h743xx.o(.text)
    LPTIM1_IRQHandler                        0x080002c7   Thumb Code     0  startup_stm32h743xx.o(.text)
    LPTIM2_IRQHandler                        0x080002c7   Thumb Code     0  startup_stm32h743xx.o(.text)
    LPTIM3_IRQHandler                        0x080002c7   Thumb Code     0  startup_stm32h743xx.o(.text)
    LPTIM4_IRQHandler                        0x080002c7   Thumb Code     0  startup_stm32h743xx.o(.text)
    LPTIM5_IRQHandler                        0x080002c7   Thumb Code     0  startup_stm32h743xx.o(.text)
    LPUART1_IRQHandler                       0x080002c7   Thumb Code     0  startup_stm32h743xx.o(.text)
    LTDC_ER_IRQHandler                       0x080002c7   Thumb Code     0  startup_stm32h743xx.o(.text)
    LTDC_IRQHandler                          0x080002c7   Thumb Code     0  startup_stm32h743xx.o(.text)
    MDIOS_IRQHandler                         0x080002c7   Thumb Code     0  startup_stm32h743xx.o(.text)
    MDIOS_WKUP_IRQHandler                    0x080002c7   Thumb Code     0  startup_stm32h743xx.o(.text)
    MDMA_IRQHandler                          0x080002c7   Thumb Code     0  startup_stm32h743xx.o(.text)
    OTG_FS_EP1_IN_IRQHandler                 0x080002c7   Thumb Code     0  startup_stm32h743xx.o(.text)
    OTG_FS_EP1_OUT_IRQHandler                0x080002c7   Thumb Code     0  startup_stm32h743xx.o(.text)
    OTG_FS_IRQHandler                        0x080002c7   Thumb Code     0  startup_stm32h743xx.o(.text)
    OTG_FS_WKUP_IRQHandler                   0x080002c7   Thumb Code     0  startup_stm32h743xx.o(.text)
    OTG_HS_EP1_IN_IRQHandler                 0x080002c7   Thumb Code     0  startup_stm32h743xx.o(.text)
    OTG_HS_EP1_OUT_IRQHandler                0x080002c7   Thumb Code     0  startup_stm32h743xx.o(.text)
    OTG_HS_IRQHandler                        0x080002c7   Thumb Code     0  startup_stm32h743xx.o(.text)
    OTG_HS_WKUP_IRQHandler                   0x080002c7   Thumb Code     0  startup_stm32h743xx.o(.text)
    PVD_AVD_IRQHandler                       0x080002c7   Thumb Code     0  startup_stm32h743xx.o(.text)
    QUADSPI_IRQHandler                       0x080002c7   Thumb Code     0  startup_stm32h743xx.o(.text)
    RCC_IRQHandler                           0x080002c7   Thumb Code     0  startup_stm32h743xx.o(.text)
    RNG_IRQHandler                           0x080002c7   Thumb Code     0  startup_stm32h743xx.o(.text)
    RTC_Alarm_IRQHandler                     0x080002c7   Thumb Code     0  startup_stm32h743xx.o(.text)
    RTC_WKUP_IRQHandler                      0x080002c7   Thumb Code     0  startup_stm32h743xx.o(.text)
    SAI1_IRQHandler                          0x080002c7   Thumb Code     0  startup_stm32h743xx.o(.text)
    SAI2_IRQHandler                          0x080002c7   Thumb Code     0  startup_stm32h743xx.o(.text)
    SAI3_IRQHandler                          0x080002c7   Thumb Code     0  startup_stm32h743xx.o(.text)
    SAI4_IRQHandler                          0x080002c7   Thumb Code     0  startup_stm32h743xx.o(.text)
    SDMMC2_IRQHandler                        0x080002c7   Thumb Code     0  startup_stm32h743xx.o(.text)
    SPDIF_RX_IRQHandler                      0x080002c7   Thumb Code     0  startup_stm32h743xx.o(.text)
    SPI1_IRQHandler                          0x080002c7   Thumb Code     0  startup_stm32h743xx.o(.text)
    SPI2_IRQHandler                          0x080002c7   Thumb Code     0  startup_stm32h743xx.o(.text)
    SPI3_IRQHandler                          0x080002c7   Thumb Code     0  startup_stm32h743xx.o(.text)
    SPI4_IRQHandler                          0x080002c7   Thumb Code     0  startup_stm32h743xx.o(.text)
    SPI5_IRQHandler                          0x080002c7   Thumb Code     0  startup_stm32h743xx.o(.text)
    SPI6_IRQHandler                          0x080002c7   Thumb Code     0  startup_stm32h743xx.o(.text)
    SWPMI1_IRQHandler                        0x080002c7   Thumb Code     0  startup_stm32h743xx.o(.text)
    TAMP_STAMP_IRQHandler                    0x080002c7   Thumb Code     0  startup_stm32h743xx.o(.text)
    TIM15_IRQHandler                         0x080002c7   Thumb Code     0  startup_stm32h743xx.o(.text)
    TIM16_IRQHandler                         0x080002c7   Thumb Code     0  startup_stm32h743xx.o(.text)
    TIM17_IRQHandler                         0x080002c7   Thumb Code     0  startup_stm32h743xx.o(.text)
    TIM1_BRK_IRQHandler                      0x080002c7   Thumb Code     0  startup_stm32h743xx.o(.text)
    TIM1_CC_IRQHandler                       0x080002c7   Thumb Code     0  startup_stm32h743xx.o(.text)
    TIM1_TRG_COM_IRQHandler                  0x080002c7   Thumb Code     0  startup_stm32h743xx.o(.text)
    TIM1_UP_IRQHandler                       0x080002c7   Thumb Code     0  startup_stm32h743xx.o(.text)
    TIM2_IRQHandler                          0x080002c7   Thumb Code     0  startup_stm32h743xx.o(.text)
    TIM3_IRQHandler                          0x080002c7   Thumb Code     0  startup_stm32h743xx.o(.text)
    TIM4_IRQHandler                          0x080002c7   Thumb Code     0  startup_stm32h743xx.o(.text)
    TIM5_IRQHandler                          0x080002c7   Thumb Code     0  startup_stm32h743xx.o(.text)
    TIM6_DAC_IRQHandler                      0x080002c7   Thumb Code     0  startup_stm32h743xx.o(.text)
    TIM7_IRQHandler                          0x080002c7   Thumb Code     0  startup_stm32h743xx.o(.text)
    TIM8_BRK_TIM12_IRQHandler                0x080002c7   Thumb Code     0  startup_stm32h743xx.o(.text)
    TIM8_CC_IRQHandler                       0x080002c7   Thumb Code     0  startup_stm32h743xx.o(.text)
    TIM8_TRG_COM_TIM14_IRQHandler            0x080002c7   Thumb Code     0  startup_stm32h743xx.o(.text)
    TIM8_UP_TIM13_IRQHandler                 0x080002c7   Thumb Code     0  startup_stm32h743xx.o(.text)
    UART4_IRQHandler                         0x080002c7   Thumb Code     0  startup_stm32h743xx.o(.text)
    UART5_IRQHandler                         0x080002c7   Thumb Code     0  startup_stm32h743xx.o(.text)
    UART7_IRQHandler                         0x080002c7   Thumb Code     0  startup_stm32h743xx.o(.text)
    UART8_IRQHandler                         0x080002c7   Thumb Code     0  startup_stm32h743xx.o(.text)
    USART1_IRQHandler                        0x080002c7   Thumb Code     0  startup_stm32h743xx.o(.text)
    USART2_IRQHandler                        0x080002c7   Thumb Code     0  startup_stm32h743xx.o(.text)
    USART3_IRQHandler                        0x080002c7   Thumb Code     0  startup_stm32h743xx.o(.text)
    USART6_IRQHandler                        0x080002c7   Thumb Code     0  startup_stm32h743xx.o(.text)
    WAKEUP_PIN_IRQHandler                    0x080002c7   Thumb Code     0  startup_stm32h743xx.o(.text)
    WWDG_IRQHandler                          0x080002c7   Thumb Code     0  startup_stm32h743xx.o(.text)
    HardFault_Handler                        0x080002d1   Thumb Code    12  cmb_fault.o(.text)
    __aeabi_memset                           0x080002dd   Thumb Code    14  memseta.o(.text)
    __aeabi_memset4                          0x080002dd   Thumb Code     0  memseta.o(.text)
    __aeabi_memset8                          0x080002dd   Thumb Code     0  memseta.o(.text)
    __aeabi_memclr                           0x080002eb   Thumb Code     4  memseta.o(.text)
    __aeabi_memclr4                          0x080002eb   Thumb Code     0  memseta.o(.text)
    __aeabi_memclr8                          0x080002eb   Thumb Code     0  memseta.o(.text)
    _memset$wrapper                          0x080002ef   Thumb Code    18  memseta.o(.text)
    __aeabi_llsl                             0x08000301   Thumb Code    30  llshl.o(.text)
    _ll_shift_l                              0x08000301   Thumb Code     0  llshl.o(.text)
    __aeabi_llsr                             0x0800031f   Thumb Code    32  llushr.o(.text)
    _ll_ushift_r                             0x0800031f   Thumb Code     0  llushr.o(.text)
    __I$use$fp                               0x0800033f   Thumb Code     0  iusefp.o(.text)
    __aeabi_ddiv                             0x0800033f   Thumb Code   222  ddiv.o(.text)
    __aeabi_d2ulz                            0x0800041d   Thumb Code    48  dfixul.o(.text)
    __scatterload                            0x0800044d   Thumb Code    28  init.o(.text)
    __scatterload_rt2                        0x0800044d   Thumb Code     0  init.o(.text)
    __aeabi_lasr                             0x08000471   Thumb Code    36  llsshr.o(.text)
    _ll_sshift_r                             0x08000471   Thumb Code     0  llsshr.o(.text)
    CPU_TS_TmrRd                             0x08000495   Thumb Code     6  core_delay.o(i.CPU_TS_TmrRd)
    DEBUG_USART_Config                       0x08000535   Thumb Code   180  bsp_debug_usart.o(i.DEBUG_USART_Config)
    DebugMon_Handler                         0x08000691   Thumb Code     2  stm32h7xx_it.o(i.DebugMon_Handler)
    HAL_DCMI_ErrorCallback                   0x08000693   Thumb Code     2  stm32h7xx_hal_dcmi.o(i.HAL_DCMI_ErrorCallback)
    HAL_DCMI_Init                            0x08000695   Thumb Code   182  stm32h7xx_hal_dcmi.o(i.HAL_DCMI_Init)
    HAL_DCMI_Start_DMA                       0x08000751   Thumb Code   174  stm32h7xx_hal_dcmi.o(i.HAL_DCMI_Start_DMA)
    HAL_DMA_Init                             0x08000809   Thumb Code   402  stm32h7xx_hal_dma.o(i.HAL_DMA_Init)
    HAL_DMA_Start_IT                         0x080009a9   Thumb Code   246  stm32h7xx_hal_dma.o(i.HAL_DMA_Start_IT)
    HAL_I2CEx_ConfigAnalogFilter             0x08000aa5   Thumb Code    90  stm32h7xx_hal_i2c_ex.o(i.HAL_I2CEx_ConfigAnalogFilter)
    HAL_I2C_DeInit                           0x08000aff   Thumb Code    50  stm32h7xx_hal_i2c.o(i.HAL_I2C_DeInit)
    HAL_I2C_GetState                         0x08000b31   Thumb Code     6  stm32h7xx_hal_i2c.o(i.HAL_I2C_GetState)
    HAL_I2C_Init                             0x08000b39   Thumb Code   186  stm32h7xx_hal_i2c.o(i.HAL_I2C_Init)
    HAL_I2C_Mem_Write                        0x08000bf9   Thumb Code   394  stm32h7xx_hal_i2c.o(i.HAL_I2C_Mem_Write)
    HAL_I2C_MspDeInit                        0x08000d89   Thumb Code     2  stm32h7xx_hal_i2c.o(i.HAL_I2C_MspDeInit)
    HAL_NVIC_SetPriority                     0x08000d8d   Thumb Code    60  stm32h7xx_hal_cortex.o(i.HAL_NVIC_SetPriority)
    HAL_RCCEx_GetD1SysClockFreq              0x08000dcd   Thumb Code    40  stm32h7xx_hal_rcc_ex.o(i.HAL_RCCEx_GetD1SysClockFreq)
    HAL_RCCEx_GetPLL2ClockFreq               0x08000e01   Thumb Code   384  stm32h7xx_hal_rcc_ex.o(i.HAL_RCCEx_GetPLL2ClockFreq)
    HAL_RCCEx_PeriphCLKConfig                0x08000f95   Thumb Code  2536  stm32h7xx_hal_rcc_ex.o(i.HAL_RCCEx_PeriphCLKConfig)
    HAL_RCC_ClockConfig                      0x08001981   Thumb Code   472  stm32h7xx_hal_rcc.o(i.HAL_RCC_ClockConfig)
    HAL_RCC_GetHCLKFreq                      0x08001b6d   Thumb Code    38  stm32h7xx_hal_rcc.o(i.HAL_RCC_GetHCLKFreq)
    HAL_RCC_GetPCLK2Freq                     0x08001ba1   Thumb Code    36  stm32h7xx_hal_rcc.o(i.HAL_RCC_GetPCLK2Freq)
    HAL_UART_MspInit                         0x08001bcd   Thumb Code     2  stm32h7xx_hal_uart.o(i.HAL_UART_MspInit)
    HAL_UART_Transmit                        0x08001bcf   Thumb Code   186  stm32h7xx_hal_uart.o(i.HAL_UART_Transmit)
    LCD_GetYSize                             0x08001d8d   Thumb Code    22  bsp_lcd.o(i.LCD_GetYSize)
    NMI_Handler                              0x08001dad   Thumb Code     2  stm32h7xx_it.o(i.NMI_Handler)
    OV5640_FOCUS_AD5820_Constant_Focus       0x08001db1   Thumb Code   154  ov5640_af.o(i.OV5640_FOCUS_AD5820_Constant_Focus)
    OV5640_HW_Init                           0x08002049   Thumb Code   486  bsp_ov5640.o(i.OV5640_HW_Init)
    OV5640_WriteFW                           0x0800224d   Thumb Code    36  bsp_i2c.o(i.OV5640_WriteFW)
    SDMMC1_IRQHandler                        0x08002349   Thumb Code   128  wwd_sdio.o(i.SDMMC1_IRQHandler)
    SysTick_Handler                          0x080023d1   Thumb Code    20  stm32h7xx_it.o(i.SysTick_Handler)
    UART_AdvFeatureConfig                    0x080023e5   Thumb Code   200  stm32h7xx_hal_uart.o(i.UART_AdvFeatureConfig)
    UART_CheckIdleState                      0x080024ad   Thumb Code    92  stm32h7xx_hal_uart.o(i.UART_CheckIdleState)
    UART_WaitOnFlagUntilTimeout              0x08002509   Thumb Code   100  stm32h7xx_hal_uart.o(i.UART_WaitOnFlagUntilTimeout)
    __scatterload_copy                       0x0800258d   Thumb Code    14  handlers.o(i.__scatterload_copy)
    __scatterload_null                       0x0800259b   Thumb Code     2  handlers.o(i.__scatterload_null)
    __scatterload_zeroinit                   0x0800259d   Thumb Code    14  handlers.o(i.__scatterload_zeroinit)
    cm_backtrace_firmware_info               0x08002e45   Thumb Code    30  cm_backtrace.o(i.cm_backtrace_firmware_info)
    fputc                                    0x080030b1   Thumb Code    20  bsp_debug_usart.o(i.fputc)
    host_rtos_set_semaphore                  0x080030c9   Thumb Code    64  wwd_rtos.o(i.host_rtos_set_semaphore)
    uxListRemove                             0x080032ad   Thumb Code    36  list.o(i.uxListRemove)
    vListInsert                              0x080032d1   Thumb Code    48  list.o(i.vListInsert)
    vPortExitCritical                        0x08003301   Thumb Code    38  port.o(i.vPortExitCritical)
    vPortValidateInterruptPriority           0x08003341   Thumb Code    70  port.o(i.vPortValidateInterruptPriority)
    vTaskPlaceOnEventList                    0x080033a5   Thumb Code    46  tasks.o(i.vTaskPlaceOnEventList)
    vTaskSuspendAll                          0x08003429   Thumb Code    10  tasks.o(i.vTaskSuspendAll)
    vTaskSwitchContext                       0x08003439   Thumb Code    84  tasks.o(i.vTaskSwitchContext)
    xTaskGetSchedulerState                   0x080034e5   Thumb Code    24  tasks.o(i.xTaskGetSchedulerState)
    xTaskIncrementTick                       0x08003501   Thumb Code   192  tasks.o(i.xTaskIncrementTick)
    xTaskRemoveFromEventList                 0x08003619   Thumb Code   108  tasks.o(i.xTaskRemoveFromEventList)
    xTaskResumeAll                           0x080036e1   Thumb Code   184  tasks.o(i.xTaskResumeAll)
    D1CorePrescTable                         0x080037f8   Data          16  system_stm32h7xx.o(.constdata)
    OV5640_160x120_JPEG                      0x08003820   Data         168  bsp_ov5640.o(.constdata)
    OV5640_320x240_JPEG                      0x080038c8   Data         168  bsp_ov5640.o(.constdata)
    OV5640_640x480_JPEG                      0x08003970   Data         168  bsp_ov5640.o(.constdata)
    OV5640_800x600_JPEG                      0x08003a18   Data         168  bsp_ov5640.o(.constdata)
    OV5640_1024x768_JPEG                     0x08003ac0   Data         168  bsp_ov5640.o(.constdata)
    OV5640_1280x960_JPEG                     0x08003b68   Data         168  bsp_ov5640.o(.constdata)
    OV5640_1600x1200_JPEG                    0x08003c10   Data         164  bsp_ov5640.o(.constdata)
    OV5640_2048x1536_JPEG                    0x08003cb4   Data         164  bsp_ov5640.o(.constdata)
    OV5640_2320x1740_JPEG                    0x08003d58   Data         164  bsp_ov5640.o(.constdata)
    OV5640_2592x1944_JPEG                    0x08003dfc   Data         164  bsp_ov5640.o(.constdata)
    OV5640_JPEG_INIT                         0x08003ea0   Data         832  bsp_ov5640.o(.constdata)
    Region$$Table$$Base                      0x08004aa4   Number         0  anon$$obj.o(Region$$Table)
    Image$$ER_IROM1$$Limit                   0x08004ac4   Number         0  anon$$obj.o ABSOLUTE
    Region$$Table$$Limit                     0x08004ac4   Number         0  anon$$obj.o(Region$$Table)
    SVC_Handler                              0x08100001   Thumb Code    28  port.o(.emb_text)
    __asm___6_port_c_39a90d8d__prvStartFirstTask 0x08100021   Thumb Code    36  port.o(.emb_text)
    __asm___6_port_c_39a90d8d__prvEnableVFP  0x08100049   Thumb Code    16  port.o(.emb_text)
    PendSV_Handler                           0x0810005d   Thumb Code    92  port.o(.emb_text)
    vPortGetIPSR                             0x081000bd   Thumb Code     6  port.o(.emb_text)
    __aeabi_uldivmod                         0x081000c3   Thumb Code    98  uldiv.o(.text)
    ___aeabi_memcpy8$move                    0x08100125   Thumb Code     0  memmovea.o(.text)
    __aeabi_memcpy                           0x08100125   Thumb Code    64  memmovea.o(.text)
    __aeabi_memcpy4                          0x08100125   Thumb Code     0  memmovea.o(.text)
    __aeabi_memmove                          0x08100125   Thumb Code     0  memmovea.o(.text)
    __aeabi_memmove4                         0x08100125   Thumb Code     0  memmovea.o(.text)
    __aeabi_memmove8                         0x08100125   Thumb Code     0  memmovea.o(.text)
    __aeabi_uidiv                            0x08100165   Thumb Code     0  uidiv.o(.text)
    __aeabi_uidivmod                         0x08100165   Thumb Code    44  uidiv.o(.text)
    __aeabi_dadd                             0x08100191   Thumb Code   322  dadd.o(.text)
    __aeabi_dsub                             0x081002d3   Thumb Code     6  dadd.o(.text)
    __aeabi_drsub                            0x081002d9   Thumb Code     6  dadd.o(.text)
    __aeabi_dmul                             0x081002df   Thumb Code   228  dmul.o(.text)
    __aeabi_cdrcmple                         0x081003c5   Thumb Code    48  cdrcmple.o(.text)
    _double_round                            0x081003f5   Thumb Code    30  depilogue.o(.text)
    _double_epilogue                         0x08100413   Thumb Code   156  depilogue.o(.text)
    __decompress                             0x081004af   Thumb Code     0  __dclz77c.o(.text)
    __decompress2                            0x081004af   Thumb Code    94  __dclz77c.o(.text)
    BusFault_Handler                         0x0810050d   Thumb Code     2  stm32h7xx_it.o(i.BusFault_Handler)
    CPU_TS_Tmr_Delay_US                      0x08100511   Thumb Code    58  core_delay.o(i.CPU_TS_Tmr_Delay_US)
    HAL_DCMI_MspInit                         0x081006dd   Thumb Code     2  stm32h7xx_hal_dcmi.o(i.HAL_DCMI_MspInit)
    HAL_DMAEx_ChangeMemory                   0x081006df   Thumb Code    16  stm32h7xx_hal_dma_ex.o(i.HAL_DMAEx_ChangeMemory)
    HAL_DMAEx_MultiBufferStart_IT            0x081006f1   Thumb Code   256  stm32h7xx_hal_dma_ex.o(i.HAL_DMAEx_MultiBufferStart_IT)
    HAL_GPIO_Init                            0x081007f5   Thumb Code   442  stm32h7xx_hal_gpio.o(i.HAL_GPIO_Init)
    HAL_GPIO_WritePin                        0x081009e1   Thumb Code    12  stm32h7xx_hal_gpio.o(i.HAL_GPIO_WritePin)
    HAL_GetTick                              0x081009ed   Thumb Code    18  core_delay.o(i.HAL_GetTick)
    HAL_I2C_Mem_Read                         0x08100a09   Thumb Code   390  stm32h7xx_hal_i2c.o(i.HAL_I2C_Mem_Read)
    HAL_I2C_MspInit                          0x08100b99   Thumb Code     2  stm32h7xx_hal_i2c.o(i.HAL_I2C_MspInit)
    HAL_InitTick                             0x08100b9d   Thumb Code    28  core_delay.o(i.HAL_InitTick)
    HAL_NVIC_EnableIRQ                       0x08100bc1   Thumb Code    26  stm32h7xx_hal_cortex.o(i.HAL_NVIC_EnableIRQ)
    HAL_RCCEx_GetD3PCLK1Freq                 0x08100bdd   Thumb Code    34  stm32h7xx_hal_rcc_ex.o(i.HAL_RCCEx_GetD3PCLK1Freq)
    HAL_RCCEx_GetPLL3ClockFreq               0x08100c09   Thumb Code   384  stm32h7xx_hal_rcc_ex.o(i.HAL_RCCEx_GetPLL3ClockFreq)
    HAL_RCC_GetPCLK1Freq                     0x08100d9d   Thumb Code    34  stm32h7xx_hal_rcc.o(i.HAL_RCC_GetPCLK1Freq)
    HAL_RCC_GetSysClockFreq                  0x08100dc9   Thumb Code   372  stm32h7xx_hal_rcc.o(i.HAL_RCC_GetSysClockFreq)
    HAL_RCC_OscConfig                        0x08100f51   Thumb Code  1396  stm32h7xx_hal_rcc.o(i.HAL_RCC_OscConfig)
    HAL_UART_Init                            0x081014c9   Thumb Code   112  stm32h7xx_hal_uart.o(i.HAL_UART_Init)
    I2CMaster_Init                           0x08101539   Thumb Code   176  bsp_i2c.o(i.I2CMaster_Init)
    LCD_GetXSize                             0x081017dd   Thumb Code    22  bsp_lcd.o(i.LCD_GetXSize)
    MemManage_Handler                        0x081017fd   Thumb Code     2  stm32h7xx_it.o(i.MemManage_Handler)
    OV5640_AUTO_FOCUS                        0x081017ff   Thumb Code    14  ov5640_af.o(i.OV5640_AUTO_FOCUS)
    OV5640_DMA_Config                        0x0810180d   Thumb Code   126  bsp_ov5640.o(i.OV5640_DMA_Config)
    OV5640_Init                              0x08101899   Thumb Code    88  bsp_ov5640.o(i.OV5640_Init)
    OV5640_JPEGConfig                        0x081018fd   Thumb Code   362  bsp_ov5640.o(i.OV5640_JPEGConfig)
    OV5640_ReadID                            0x08101a81   Thumb Code    26  bsp_ov5640.o(i.OV5640_ReadID)
    OV5640_ReadReg                           0x08101a9d   Thumb Code    46  bsp_i2c.o(i.OV5640_ReadReg)
    OV5640_Reset                             0x08101ad1   Thumb Code    10  bsp_ov5640.o(i.OV5640_Reset)
    OV5640_WriteReg                          0x08101add   Thumb Code    44  bsp_i2c.o(i.OV5640_WriteReg)
    SystemInit                               0x08101c6d   Thumb Code   114  system_stm32h7xx.o(i.SystemInit)
    UART_SetConfig                           0x08101cf1   Thumb Code  1846  stm32h7xx_hal_uart.o(i.UART_SetConfig)
    UsageFault_Handler                       0x08102427   Thumb Code     2  stm32h7xx_it.o(i.UsageFault_Handler)
    __0printf                                0x08102429   Thumb Code    22  printfa.o(i.__0printf)
    __1printf                                0x08102429   Thumb Code     0  printfa.o(i.__0printf)
    __2printf                                0x08102429   Thumb Code     0  printfa.o(i.__0printf)
    __c89printf                              0x08102429   Thumb Code     0  printfa.o(i.__0printf)
    printf                                   0x08102429   Thumb Code     0  printfa.o(i.__0printf)
    __0sprintf                               0x08102449   Thumb Code    34  printfa.o(i.__0sprintf)
    __1sprintf                               0x08102449   Thumb Code     0  printfa.o(i.__0sprintf)
    __2sprintf                               0x08102449   Thumb Code     0  printfa.o(i.__0sprintf)
    __c89sprintf                             0x08102449   Thumb Code     0  printfa.o(i.__0sprintf)
    sprintf                                  0x08102449   Thumb Code     0  printfa.o(i.__0sprintf)
    cm_backtrace_call_stack                  0x08102495   Thumb Code   170  cm_backtrace.o(i.cm_backtrace_call_stack)
    cm_backtrace_fault                       0x08102549   Thumb Code   384  cm_backtrace.o(i.cm_backtrace_fault)
    main                                     0x08102849   Thumb Code    78  main.o(i.main)
    vListInsertEnd                           0x08102a55   Thumb Code    24  list.o(i.vListInsertEnd)
    vPortEnterCritical                       0x08102a6d   Thumb Code    54  port.o(i.vPortEnterCritical)
    vTaskMissedYield                         0x08102ac1   Thumb Code     8  tasks.o(i.vTaskMissedYield)
    vTaskSetTimeOutState                     0x08102acd   Thumb Code    32  tasks.o(i.vTaskSetTimeOutState)
    wwd_thread_notify_irq                    0x08102b41   Thumb Code    22  wwd_thread.o(i.wwd_thread_notify_irq)
    xPortSysTickHandler                      0x08102b5d   Thumb Code    42  port.o(i.xPortSysTickHandler)
    xQueueGenericSend                        0x08102b8d   Thumb Code   358  queue.o(i.xQueueGenericSend)
    xQueueGiveFromISR                        0x08102d49   Thumb Code   178  queue.o(i.xQueueGiveFromISR)
    xTaskCheckForTimeOut                     0x08102e4d   Thumb Code   104  tasks.o(i.xTaskCheckForTimeOut)
    Font24_Table                             0x08102f10   Data        6840  bsp_lcd.o(.constdata)
    SystemCoreClock                          0x24000000   Data           4  system_stm32h7xx.o(.data)
    SystemD2Clock                            0x24000004   Data           4  system_stm32h7xx.o(.data)
    ActiveLayer                              0x24000f6c   Data           4  bsp_lcd.o(.data)
    Font24                                   0x24000f70   Data           8  bsp_lcd.o(.data)
    pxCurrentTCB                             0x24000f78   Data           4  tasks.o(.data)
    __stdout                                 0x24001004   Data           4  stdout.o(.data)
    UartHandle                               0x24001008   Data         128  bsp_debug_usart.o(.bss)
    I2C_Handle                               0x24001088   Data          76  bsp_i2c.o(.bss)
    DCMI_Handle                              0x240010d4   Data          80  bsp_ov5640.o(.bss)
    DMA_Handle_dcmi                          0x24001124   Data         120  bsp_ov5640.o(.bss)
    DrawProp                                 0x24001360   Data          24  bsp_lcd.o(.bss)
    STACK$$Base                              0x24001790   Number         0  startup_stm32h743xx.o(STACK)
    STACK$$Limit                             0x24001b90   Number         0  startup_stm32h743xx.o(STACK)
    __initial_sp                             0x24001b90   Data           0  startup_stm32h743xx.o(STACK)
    queue_buff                               0xd0000000   Data       8388608  camera_data_queue.o(.ARM.__AT_0xD0000000)



==============================================================================

Memory Map of the image

  Image Entry point : 0x08000299

  Load Region LR_IROM1 (Base: 0x08000000, Size: 0x00005acc, Max: 0x00100000, ABSOLUTE, COMPRESSED[0x000057a0])

    Execution Region ER_IROM1 (Exec base: 0x08000000, Load base: 0x08000000, Size: 0x00004ac4, Max: 0x00100000, ABSOLUTE)

    Exec Addr    Load Addr    Size         Type   Attr      Idx    E Section Name        Object

    0x08000000   0x08000000   0x00000298   Data   RO            3    RESET               startup_stm32h743xx.o
    0x08000298   0x08000298   0x00000000   Code   RO        17267  * .ARM.Collect$$$$00000000  mc_w.l(entry.o)
    0x08000298   0x08000298   0x00000004   Code   RO        17591    .ARM.Collect$$$$00000001  mc_w.l(entry2.o)
    0x0800029c   0x0800029c   0x00000004   Code   RO        17594    .ARM.Collect$$$$00000004  mc_w.l(entry5.o)
    0x080002a0   0x080002a0   0x00000000   Code   RO        17596    .ARM.Collect$$$$00000008  mc_w.l(entry7b.o)
    0x080002a0   0x080002a0   0x00000000   Code   RO        17598    .ARM.Collect$$$$0000000A  mc_w.l(entry8b.o)
    0x080002a0   0x080002a0   0x00000008   Code   RO        17599    .ARM.Collect$$$$0000000B  mc_w.l(entry9a.o)
    0x080002a8   0x080002a8   0x00000000   Code   RO        17601    .ARM.Collect$$$$0000000D  mc_w.l(entry10a.o)
    0x080002a8   0x080002a8   0x00000000   Code   RO        17603    .ARM.Collect$$$$0000000F  mc_w.l(entry11a.o)
    0x080002a8   0x080002a8   0x00000004   Code   RO        17592    .ARM.Collect$$$$00002712  mc_w.l(entry2.o)
    0x080002ac   0x080002ac   0x00000024   Code   RO            4    .text               startup_stm32h743xx.o
    0x080002d0   0x080002d0   0x0000000c   Code   RO        17194    .text               cmb_fault.o
    0x080002dc   0x080002dc   0x00000024   Code   RO        17276    .text               mc_w.l(memseta.o)
    0x08000300   0x08000300   0x0000001e   Code   RO        17608    .text               mc_w.l(llshl.o)
    0x0800031e   0x0800031e   0x00000020   Code   RO        17610    .text               mc_w.l(llushr.o)
    0x0800033e   0x0800033e   0x00000000   Code   RO        17655    .text               mc_w.l(iusefp.o)
    0x0800033e   0x0800033e   0x000000de   Code   RO        17660    .text               mf_w.l(ddiv.o)
    0x0800041c   0x0800041c   0x00000030   Code   RO        17662    .text               mf_w.l(dfixul.o)
    0x0800044c   0x0800044c   0x00000024   Code   RO        17666    .text               mc_w.l(init.o)
    0x08000470   0x08000470   0x00000024   Code   RO        17668    .text               mc_w.l(llsshr.o)
    0x08000494   0x08000494   0x0000000c   Code   RO         7102    i.CPU_TS_TmrRd      core_delay.o
    0x080004a0   0x080004a0   0x00000092   Code   RO          799    i.DCMI_DMAXferCplt  stm32h7xx_hal_dcmi.o
    0x08000532   0x08000532   0x00000002   PAD
    0x08000534   0x08000534   0x000000c4   Code   RO         7183    i.DEBUG_USART_Config  bsp_debug_usart.o
    0x080005f8   0x080005f8   0x00000078   Code   RO          955    i.DMA_CheckFifoParam  stm32h7xx_hal_dma.o
    0x08000670   0x08000670   0x00000020   Code   RO         1068    i.DMA_MultiBufferSetConfig  stm32h7xx_hal_dma_ex.o
    0x08000690   0x08000690   0x00000002   Code   RO         7042    i.DebugMon_Handler  stm32h7xx_it.o
    0x08000692   0x08000692   0x00000002   Code   RO          804    i.HAL_DCMI_ErrorCallback  stm32h7xx_hal_dcmi.o
    0x08000694   0x08000694   0x000000bc   Code   RO          809    i.HAL_DCMI_Init     stm32h7xx_hal_dcmi.o
    0x08000750   0x08000750   0x000000b8   Code   RO          814    i.HAL_DCMI_Start_DMA  stm32h7xx_hal_dcmi.o
    0x08000808   0x08000808   0x000001a0   Code   RO          963    i.HAL_DMA_Init      stm32h7xx_hal_dma.o
    0x080009a8   0x080009a8   0x000000fc   Code   RO          967    i.HAL_DMA_Start_IT  stm32h7xx_hal_dma.o
    0x08000aa4   0x08000aa4   0x0000005a   Code   RO         2297    i.HAL_I2CEx_ConfigAnalogFilter  stm32h7xx_hal_i2c_ex.o
    0x08000afe   0x08000afe   0x00000032   Code   RO         1871    i.HAL_I2C_DeInit    stm32h7xx_hal_i2c.o
    0x08000b30   0x08000b30   0x00000006   Code   RO         1879    i.HAL_I2C_GetState  stm32h7xx_hal_i2c.o
    0x08000b36   0x08000b36   0x00000002   PAD
    0x08000b38   0x08000b38   0x000000c0   Code   RO         1880    i.HAL_I2C_Init      stm32h7xx_hal_i2c.o
    0x08000bf8   0x08000bf8   0x00000190   Code   RO         1899    i.HAL_I2C_Mem_Write  stm32h7xx_hal_i2c.o
    0x08000d88   0x08000d88   0x00000002   Code   RO         1902    i.HAL_I2C_MspDeInit  stm32h7xx_hal_i2c.o
    0x08000d8a   0x08000d8a   0x00000002   PAD
    0x08000d8c   0x08000d8c   0x00000040   Code   RO          571    i.HAL_NVIC_SetPriority  stm32h7xx_hal_cortex.o
    0x08000dcc   0x08000dcc   0x00000034   Code   RO         3901    i.HAL_RCCEx_GetD1SysClockFreq  stm32h7xx_hal_rcc_ex.o
    0x08000e00   0x08000e00   0x00000194   Code   RO         3904    i.HAL_RCCEx_GetPLL2ClockFreq  stm32h7xx_hal_rcc_ex.o
    0x08000f94   0x08000f94   0x000009ec   Code   RO         3909    i.HAL_RCCEx_PeriphCLKConfig  stm32h7xx_hal_rcc_ex.o
    0x08001980   0x08001980   0x000001ec   Code   RO         3794    i.HAL_RCC_ClockConfig  stm32h7xx_hal_rcc.o
    0x08001b6c   0x08001b6c   0x00000034   Code   RO         3798    i.HAL_RCC_GetHCLKFreq  stm32h7xx_hal_rcc.o
    0x08001ba0   0x08001ba0   0x0000002c   Code   RO         3801    i.HAL_RCC_GetPCLK2Freq  stm32h7xx_hal_rcc.o
    0x08001bcc   0x08001bcc   0x00000002   Code   RO         5763    i.HAL_UART_MspInit  stm32h7xx_hal_uart.o
    0x08001bce   0x08001bce   0x000000ba   Code   RO         5769    i.HAL_UART_Transmit  stm32h7xx_hal_uart.o
    0x08001c88   0x08001c88   0x00000088   Code   RO         1933    i.I2C_RequestMemoryRead  stm32h7xx_hal_i2c.o
    0x08001d10   0x08001d10   0x0000002c   Code   RO         1937    i.I2C_TransferConfig  stm32h7xx_hal_i2c.o
    0x08001d3c   0x08001d3c   0x0000004e   Code   RO         1938    i.I2C_WaitOnFlagUntilTimeout  stm32h7xx_hal_i2c.o
    0x08001d8a   0x08001d8a   0x00000002   PAD
    0x08001d8c   0x08001d8c   0x00000020   Code   RO         7843    i.LCD_GetYSize      bsp_lcd.o
    0x08001dac   0x08001dac   0x00000002   Code   RO         7044    i.NMI_Handler       stm32h7xx_it.o
    0x08001dae   0x08001dae   0x00000002   PAD
    0x08001db0   0x08001db0   0x00000104   Code   RO         7771    i.OV5640_FOCUS_AD5820_Constant_Focus  ov5640_af.o
    0x08001eb4   0x08001eb4   0x00000194   Code   RO         7772    i.OV5640_FOCUS_AD5820_Init  ov5640_af.o
    0x08002048   0x08002048   0x00000204   Code   RO         7690    i.OV5640_HW_Init    bsp_ov5640.o
    0x0800224c   0x0800224c   0x00000028   Code   RO         7581    i.OV5640_WriteFW    bsp_i2c.o
    0x08002274   0x08002274   0x000000d4   Code   RO         3912    i.RCCEx_PLL2_Config  stm32h7xx_hal_rcc_ex.o
    0x08002348   0x08002348   0x00000088   Code   RO        16587    i.SDMMC1_IRQHandler  wwd_sdio.o
    0x080023d0   0x080023d0   0x00000014   Code   RO         7045    i.SysTick_Handler   stm32h7xx_it.o
    0x080023e4   0x080023e4   0x000000c8   Code   RO         5774    i.UART_AdvFeatureConfig  stm32h7xx_hal_uart.o
    0x080024ac   0x080024ac   0x0000005c   Code   RO         5775    i.UART_CheckIdleState  stm32h7xx_hal_uart.o
    0x08002508   0x08002508   0x00000064   Code   RO         5792    i.UART_WaitOnFlagUntilTimeout  stm32h7xx_hal_uart.o
    0x0800256c   0x0800256c   0x00000020   Code   RO          578    i.__NVIC_SetPriority  stm32h7xx_hal_cortex.o
    0x0800258c   0x0800258c   0x0000000e   Code   RO        17676    i.__scatterload_copy  mc_w.l(handlers.o)
    0x0800259a   0x0800259a   0x00000002   Code   RO        17677    i.__scatterload_null  mc_w.l(handlers.o)
    0x0800259c   0x0800259c   0x0000000e   Code   RO        17678    i.__scatterload_zeroinit  mc_w.l(handlers.o)
    0x080025aa   0x080025aa   0x00000002   PAD
    0x080025ac   0x080025ac   0x00000184   Code   RO        17536    i._fp_digits        mc_w.l(printfa.o)
    0x08002730   0x08002730   0x000006dc   Code   RO        17537    i._printf_core      mc_w.l(printfa.o)
    0x08002e0c   0x08002e0c   0x0000002e   Code   RO        17539    i._printf_pre_padding  mc_w.l(printfa.o)
    0x08002e3a   0x08002e3a   0x0000000a   Code   RO        17541    i._sputc            mc_w.l(printfa.o)
    0x08002e44   0x08002e44   0x0000002c   Code   RO        17202    i.cm_backtrace_firmware_info  cm_backtrace.o
    0x08002e70   0x08002e70   0x00000240   Code   RO        17205    i.fault_diagnosis   cm_backtrace.o
    0x080030b0   0x080030b0   0x00000018   Code   RO         7186    i.fputc             bsp_debug_usart.o
    0x080030c8   0x080030c8   0x00000044   Code   RO        15604    i.host_rtos_set_semaphore  wwd_rtos.o
    0x0800310c   0x0800310c   0x00000094   Code   RO        17206    i.print_call_stack  cm_backtrace.o
    0x080031a0   0x080031a0   0x00000070   Code   RO         8538    i.prvAddCurrentTaskToDelayedList  tasks.o
    0x08003210   0x08003210   0x0000007e   Code   RO         8346    i.prvUnlockQueue    queue.o
    0x0800328e   0x0800328e   0x00000002   PAD
    0x08003290   0x08003290   0x0000001c   Code   RO        17207    i.statck_del_fpu_regs  cm_backtrace.o
    0x080032ac   0x080032ac   0x00000024   Code   RO         8291    i.uxListRemove      list.o
    0x080032d0   0x080032d0   0x00000030   Code   RO         8294    i.vListInsert       list.o
    0x08003300   0x08003300   0x00000040   Code   RO         8925    i.vPortExitCritical  port.o
    0x08003340   0x08003340   0x00000064   Code   RO         8927    i.vPortValidateInterruptPriority  port.o
    0x080033a4   0x080033a4   0x00000084   Code   RO         8558    i.vTaskPlaceOnEventList  tasks.o
    0x08003428   0x08003428   0x00000010   Code   RO         8565    i.vTaskSuspendAll   tasks.o
    0x08003438   0x08003438   0x000000ac   Code   RO         8566    i.vTaskSwitchContext  tasks.o
    0x080034e4   0x080034e4   0x0000001c   Code   RO         8571    i.xTaskGetSchedulerState  tasks.o
    0x08003500   0x08003500   0x00000118   Code   RO         8574    i.xTaskIncrementTick  tasks.o
    0x08003618   0x08003618   0x000000c8   Code   RO         8578    i.xTaskRemoveFromEventList  tasks.o
    0x080036e0   0x080036e0   0x00000118   Code   RO         8580    i.xTaskResumeAll    tasks.o
    0x080037f8   0x080037f8   0x00000010   Data   RO           15    .constdata          system_stm32h7xx.o
    0x08003808   0x08003808   0x00000018   Data   RO         5793    .constdata          stm32h7xx_hal_uart.o
    0x08003820   0x08003820   0x000009c0   Data   RO         7698    .constdata          bsp_ov5640.o
    0x080041e0   0x080041e0   0x0000004b   Data   RO         7773    .conststring        ov5640_af.o
    0x0800422b   0x0800422b   0x00000001   PAD
    0x0800422c   0x0800422c   0x0000005d   Data   RO         8930    .conststring        port.o
    0x08004289   0x08004289   0x00000003   PAD
    0x0800428c   0x0800428c   0x00000815   Data   RO        17210    .conststring        cm_backtrace.o
    0x08004aa1   0x08004aa1   0x00000003   PAD
    0x08004aa4   0x08004aa4   0x00000020   Data   RO        17674    Region$$Table       anon$$obj.o


    Execution Region RW_IRAM1 (Exec base: 0x20000000, Load base: 0x08004ac4, Size: 0x00000000, Max: 0x00020000, ABSOLUTE)

    **** No section assigned to this execution region ****


    Execution Region RW_IRAM2 (Exec base: 0x24000000, Load base: 0x08004ac4, Size: 0x00001b90, Max: 0x00080000, ABSOLUTE, COMPRESSED[0x00000cdc])

    Exec Addr    Load Addr    Size         Type   Attr      Idx    E Section Name        Object

    0x24000000   COMPRESSED   0x00000004   Data   RW           16    .data               system_stm32h7xx.o
    0x24000004   COMPRESSED   0x00000004   Data   RW           17    .data               system_stm32h7xx.o
    0x24000008   COMPRESSED   0x00000f5d   Data   RW         7774    .data               ov5640_af.o
    0x24000f65   COMPRESSED   0x00000003   PAD
    0x24000f68   COMPRESSED   0x00000010   Data   RW         7866    .data               bsp_lcd.o
    0x24000f78   COMPRESSED   0x00000040   Data   RW         8583    .data               tasks.o
    0x24000fb8   COMPRESSED   0x0000000c   Data   RW         8931    .data               port.o
    0x24000fc4   COMPRESSED   0x0000000c   Data   RW        13923    .data               wwd_thread.o
    0x24000fd0   COMPRESSED   0x0000001c   Data   RW        16609    .data               wwd_sdio.o
    0x24000fec   COMPRESSED   0x00000018   Data   RW        17211    .data               cm_backtrace.o
    0x24001004   COMPRESSED   0x00000004   Data   RW        17605    .data               mc_w.l(stdout.o)
    0x24001008        -       0x00000080   Zero   RW         7187    .bss                bsp_debug_usart.o
    0x24001088        -       0x0000004c   Zero   RW         7583    .bss                bsp_i2c.o
    0x240010d4        -       0x000000c8   Zero   RW         7696    .bss                bsp_ov5640.o
    0x2400119c        -       0x000001dc   Zero   RW         7860    .bss                bsp_lcd.o
    0x24001378        -       0x000002e4   Zero   RW         8582    .bss                tasks.o
    0x2400165c        -       0x00000134   Zero   RW        17208    .bss                cm_backtrace.o
    0x24001790        -       0x00000400   Zero   RW            1    STACK               startup_stm32h743xx.o



  Load Region LR_IROM2 (Base: 0x08100000, Size: 0x00004ae8, Max: 0x00100000, ABSOLUTE)

    Execution Region ER_IROM2 (Exec base: 0x08100000, Load base: 0x08100000, Size: 0x00004ae8, Max: 0x00100000, ABSOLUTE)

    Exec Addr    Load Addr    Size         Type   Attr      Idx    E Section Name        Object

    0x08100000   0x08100000   0x000000c2   Code   RO         8920    .emb_text           port.o
    0x081000c2   0x081000c2   0x00000062   Code   RO        17270    .text               mc_w.l(uldiv.o)
    0x08100124   0x08100124   0x00000040   Code   RO        17274    .text               mc_w.l(memmovea.o)
    0x08100164   0x08100164   0x0000002c   Code   RO        17606    .text               mc_w.l(uidiv.o)
    0x08100190   0x08100190   0x0000014e   Code   RO        17656    .text               mf_w.l(dadd.o)
    0x081002de   0x081002de   0x000000e4   Code   RO        17658    .text               mf_w.l(dmul.o)
    0x081003c2   0x081003c2   0x00000002   PAD
    0x081003c4   0x081003c4   0x00000030   Code   RO        17664    .text               mf_w.l(cdrcmple.o)
    0x081003f4   0x081003f4   0x000000ba   Code   RO        17672    .text               mf_w.l(depilogue.o)
    0x081004ae   0x081004ae   0x0000005e   Code   RO        17682    .text               mc_w.l(__dclz77c.o)
    0x0810050c   0x0810050c   0x00000002   Code   RO         7041    i.BusFault_Handler  stm32h7xx_it.o
    0x0810050e   0x0810050e   0x00000002   PAD
    0x08100510   0x08100510   0x00000040   Code   RO         7103    i.CPU_TS_Tmr_Delay_US  core_delay.o
    0x08100550   0x08100550   0x00000020   Code   RO          798    i.DCMI_DMAError     stm32h7xx_hal_dcmi.o
    0x08100570   0x08100570   0x0000002c   Code   RO          952    i.DMA_CalcBaseAndBitshift  stm32h7xx_hal_dma.o
    0x0810059c   0x0810059c   0x00000064   Code   RO          953    i.DMA_CalcDMAMUXChannelBaseAndMask  stm32h7xx_hal_dma.o
    0x08100600   0x08100600   0x00000044   Code   RO          954    i.DMA_CalcDMAMUXRequestGenBaseAndMask  stm32h7xx_hal_dma.o
    0x08100644   0x08100644   0x00000098   Code   RO          956    i.DMA_SetConfig     stm32h7xx_hal_dma.o
    0x081006dc   0x081006dc   0x00000002   Code   RO          812    i.HAL_DCMI_MspInit  stm32h7xx_hal_dcmi.o
    0x081006de   0x081006de   0x00000010   Code   RO         1069    i.HAL_DMAEx_ChangeMemory  stm32h7xx_hal_dma_ex.o
    0x081006ee   0x081006ee   0x00000002   PAD
    0x081006f0   0x081006f0   0x00000104   Code   RO         1076    i.HAL_DMAEx_MultiBufferStart_IT  stm32h7xx_hal_dma_ex.o
    0x081007f4   0x081007f4   0x000001ec   Code   RO         1650    i.HAL_GPIO_Init     stm32h7xx_hal_gpio.o
    0x081009e0   0x081009e0   0x0000000c   Code   RO         1654    i.HAL_GPIO_WritePin  stm32h7xx_hal_gpio.o
    0x081009ec   0x081009ec   0x0000001c   Code   RO         7104    i.HAL_GetTick       core_delay.o
    0x08100a08   0x08100a08   0x00000190   Code   RO         1896    i.HAL_I2C_Mem_Read  stm32h7xx_hal_i2c.o
    0x08100b98   0x08100b98   0x00000002   Code   RO         1903    i.HAL_I2C_MspInit   stm32h7xx_hal_i2c.o
    0x08100b9a   0x08100b9a   0x00000002   PAD
    0x08100b9c   0x08100b9c   0x00000024   Code   RO         7105    i.HAL_InitTick      core_delay.o
    0x08100bc0   0x08100bc0   0x0000001a   Code   RO          565    i.HAL_NVIC_EnableIRQ  stm32h7xx_hal_cortex.o
    0x08100bda   0x08100bda   0x00000002   PAD
    0x08100bdc   0x08100bdc   0x0000002c   Code   RO         3902    i.HAL_RCCEx_GetD3PCLK1Freq  stm32h7xx_hal_rcc_ex.o
    0x08100c08   0x08100c08   0x00000194   Code   RO         3905    i.HAL_RCCEx_GetPLL3ClockFreq  stm32h7xx_hal_rcc_ex.o
    0x08100d9c   0x08100d9c   0x0000002c   Code   RO         3800    i.HAL_RCC_GetPCLK1Freq  stm32h7xx_hal_rcc.o
    0x08100dc8   0x08100dc8   0x00000188   Code   RO         3802    i.HAL_RCC_GetSysClockFreq  stm32h7xx_hal_rcc.o
    0x08100f50   0x08100f50   0x00000578   Code   RO         3805    i.HAL_RCC_OscConfig  stm32h7xx_hal_rcc.o
    0x081014c8   0x081014c8   0x00000070   Code   RO         5761    i.HAL_UART_Init     stm32h7xx_hal_uart.o
    0x08101538   0x08101538   0x000000c8   Code   RO         7578    i.I2CMaster_Init    bsp_i2c.o
    0x08101600   0x08101600   0x00000022   Code   RO         1922    i.I2C_Flush_TXDR    stm32h7xx_hal_i2c.o
    0x08101622   0x08101622   0x00000002   PAD
    0x08101624   0x08101624   0x00000080   Code   RO         1930    i.I2C_IsAcknowledgeFailed  stm32h7xx_hal_i2c.o
    0x081016a4   0x081016a4   0x00000088   Code   RO         1934    i.I2C_RequestMemoryWrite  stm32h7xx_hal_i2c.o
    0x0810172c   0x0810172c   0x0000004c   Code   RO         1940    i.I2C_WaitOnSTOPFlagUntilTimeout  stm32h7xx_hal_i2c.o
    0x08101778   0x08101778   0x00000050   Code   RO         1941    i.I2C_WaitOnTXISFlagUntilTimeout  stm32h7xx_hal_i2c.o
    0x081017c8   0x081017c8   0x00000014   Code   RO         7579    i.I2Cx_Error        bsp_i2c.o
    0x081017dc   0x081017dc   0x00000020   Code   RO         7842    i.LCD_GetXSize      bsp_lcd.o
    0x081017fc   0x081017fc   0x00000002   Code   RO         7043    i.MemManage_Handler  stm32h7xx_it.o
    0x081017fe   0x081017fe   0x0000000e   Code   RO         7770    i.OV5640_AUTO_FOCUS  ov5640_af.o
    0x0810180c   0x0810180c   0x0000008c   Code   RO         7689    i.OV5640_DMA_Config  bsp_ov5640.o
    0x08101898   0x08101898   0x00000064   Code   RO         7691    i.OV5640_Init       bsp_ov5640.o
    0x081018fc   0x081018fc   0x00000184   Code   RO         7692    i.OV5640_JPEGConfig  bsp_ov5640.o
    0x08101a80   0x08101a80   0x0000001a   Code   RO         7694    i.OV5640_ReadID     bsp_ov5640.o
    0x08101a9a   0x08101a9a   0x00000002   PAD
    0x08101a9c   0x08101a9c   0x00000034   Code   RO         7580    i.OV5640_ReadReg    bsp_i2c.o
    0x08101ad0   0x08101ad0   0x0000000a   Code   RO         7695    i.OV5640_Reset      bsp_ov5640.o
    0x08101ada   0x08101ada   0x00000002   PAD
    0x08101adc   0x08101adc   0x00000030   Code   RO         7582    i.OV5640_WriteReg   bsp_i2c.o
    0x08101b0c   0x08101b0c   0x000000d4   Code   RO         3913    i.RCCEx_PLL3_Config  stm32h7xx_hal_rcc_ex.o
    0x08101be0   0x08101be0   0x0000008c   Code   RO         6662    i.SystemClock_Config  main.o
    0x08101c6c   0x08101c6c   0x00000084   Code   RO           14    i.SystemInit        system_stm32h7xx.o
    0x08101cf0   0x08101cf0   0x00000736   Code   RO         5790    i.UART_SetConfig    stm32h7xx_hal_uart.o
    0x08102426   0x08102426   0x00000002   Code   RO         7046    i.UsageFault_Handler  stm32h7xx_it.o
    0x08102428   0x08102428   0x00000020   Code   RO        17529    i.__0printf         mc_w.l(printfa.o)
    0x08102448   0x08102448   0x00000028   Code   RO        17531    i.__0sprintf        mc_w.l(printfa.o)
    0x08102470   0x08102470   0x00000024   Code   RO        17538    i._printf_post_padding  mc_w.l(printfa.o)
    0x08102494   0x08102494   0x000000b4   Code   RO        17200    i.cm_backtrace_call_stack  cm_backtrace.o
    0x08102548   0x08102548   0x00000238   Code   RO        17201    i.cm_backtrace_fault  cm_backtrace.o
    0x08102780   0x08102780   0x000000c8   Code   RO        17204    i.dump_stack        cm_backtrace.o
    0x08102848   0x08102848   0x000000ac   Code   RO         6663    i.main              main.o
    0x081028f4   0x081028f4   0x0000005c   Code   RO         8341    i.prvCopyDataToQueue  queue.o
    0x08102950   0x08102950   0x0000001e   Code   RO         8344    i.prvIsQueueFull    queue.o
    0x0810296e   0x0810296e   0x00000002   PAD
    0x08102970   0x08102970   0x000000c0   Code   RO         8345    i.prvNotifyQueueSetContainer  queue.o
    0x08102a30   0x08102a30   0x00000024   Code   RO         8545    i.prvResetNextTaskUnblockTime  tasks.o
    0x08102a54   0x08102a54   0x00000018   Code   RO         8295    i.vListInsertEnd    list.o
    0x08102a6c   0x08102a6c   0x00000054   Code   RO         8924    i.vPortEnterCritical  port.o
    0x08102ac0   0x08102ac0   0x0000000c   Code   RO         8556    i.vTaskMissedYield  tasks.o
    0x08102acc   0x08102acc   0x00000074   Code   RO         8562    i.vTaskSetTimeOutState  tasks.o
    0x08102b40   0x08102b40   0x0000001c   Code   RO        13918    i.wwd_thread_notify_irq  wwd_thread.o
    0x08102b5c   0x08102b5c   0x00000030   Code   RO         8929    i.xPortSysTickHandler  port.o
    0x08102b8c   0x08102b8c   0x000001bc   Code   RO         8359    i.xQueueGenericSend  queue.o
    0x08102d48   0x08102d48   0x00000104   Code   RO         8361    i.xQueueGiveFromISR  queue.o
    0x08102e4c   0x08102e4c   0x000000bc   Code   RO         8567    i.xTaskCheckForTimeOut  tasks.o
    0x08102f08   0x08102f08   0x00000008   Data   RO          969    .constdata          stm32h7xx_hal_dma.o
    0x08102f10   0x08102f10   0x00001ab8   Data   RO         7861    .constdata          bsp_lcd.o
    0x081049c8   0x081049c8   0x000000dc   Data   RO        17209    .constdata          cm_backtrace.o
    0x08104aa4   0x08104aa4   0x00000041   Data   RO         6667    .conststring        main.o



  Load Region LR$$.ARM.__AT_0xD0000000 (Base: 0xd0000000, Size: 0x00000000, Max: 0x00800000, ABSOLUTE)

    Execution Region ER$$.ARM.__AT_0xD0000000 (Exec base: 0xd0000000, Load base: 0xd0000000, Size: 0x00800000, Max: 0x00800000, ABSOLUTE, UNINIT)

    Exec Addr    Load Addr    Size         Type   Attr      Idx    E Section Name        Object

    0xd0000000        -       0x00800000   Zero   RW         7344    .ARM.__AT_0xD0000000  camera_data_queue.o


==============================================================================

Image component sizes


      Code (inc. data)   RO Data    RW Data    ZI Data      Debug   Object Name

       220         20          0          0        128       2199   bsp_debug_usart.o
       360         42          0          0         76       4034   bsp_i2c.o
        64         20       6840         16        476      12387   bsp_lcd.o
      1180         92       2496          0        200      11233   bsp_ov5640.o
         0          0          0          0    8388608       1874   camera_data_queue.o
      1744        336       2289         24        308       9474   cm_backtrace.o
        12          0          0          0          0        504   cmb_fault.o
       140         30          0          0          0       2450   core_delay.o
         0          0          0          0          0       9764   event_groups.o
       108          0          0          0          0       2774   list.o
       312        100         65          0          0      25773   main.o
       678        266         75       3933          0       2973   ov5640_af.o
       490        108         93         12          0       7444   port.o
      1144        250          0          0          0       8192   queue.o
        36          8        664          0       1024       1016   startup_stm32h743xx.o
       122          4          0          0          0      37171   stm32h7xx_hal_cortex.o
       554         16          0          0          0       5441   stm32h7xx_hal_dcmi.o
      1152         70          8          0          0       7990   stm32h7xx_hal_dma.o
       308          4          0          0          0       3421   stm32h7xx_hal_dma_ex.o
       504         50          0          0          0       2876   stm32h7xx_hal_gpio.o
      1764         44          0          0          0      16312   stm32h7xx_hal_i2c.o
        90          0          0          0          0       1295   stm32h7xx_hal_i2c_ex.o
      2424         96          0          0          0       7616   stm32h7xx_hal_rcc.o
      3868        128          0          0          0       8963   stm32h7xx_hal_rcc_ex.o
      2538        102         24          0          0      28968   stm32h7xx_hal_uart.o
        30          0          0          0          0       3199   stm32h7xx_it.o
       132         18         16          8          0    1174322   system_stm32h7xx.o
      1572        646          0         64        740      22133   tasks.o
         0          0          0          0          0      27988   wwd_bus_protocol.o
        68          4          0          0          0       3022   wwd_rtos.o
         0          0          0          0          0      27932   wwd_rtos_interface.o
       136          8          0         28          0      30968   wwd_sdio.o
        28          6          0         12          0       1972   wwd_thread.o

    ----------------------------------------------------------------------
     21806       2468      12612       4100    8391560    1513680   Object Totals
         0          0         32          0          0          0   (incl. Generated)
        28          0         10          3          0          0   (incl. Padding)

    ----------------------------------------------------------------------

      Code (inc. data)   RO Data    RW Data    ZI Data      Debug   Library Member Name

        94          0          0          0          0          0   __dclz77c.o
         0          0          0          0          0          0   entry.o
         0          0          0          0          0          0   entry10a.o
         0          0          0          0          0          0   entry11a.o
         8          4          0          0          0          0   entry2.o
         4          0          0          0          0          0   entry5.o
         0          0          0          0          0          0   entry7b.o
         0          0          0          0          0          0   entry8b.o
         8          4          0          0          0          0   entry9a.o
        30          0          0          0          0          0   handlers.o
        36          8          0          0          0         68   init.o
         0          0          0          0          0          0   iusefp.o
        30          0          0          0          0         68   llshl.o
        36          0          0          0          0         68   llsshr.o
        32          0          0          0          0         68   llushr.o
        64          0          0          0          0         76   memmovea.o
        36          0          0          0          0        108   memseta.o
      2308         96          0          0          0        604   printfa.o
         0          0          0          4          0          0   stdout.o
        44          0          0          0          0         80   uidiv.o
        98          0          0          0          0         92   uldiv.o
        48          0          0          0          0         68   cdrcmple.o
       334          0          0          0          0        148   dadd.o
       222          0          0          0          0        100   ddiv.o
       186          0          0          0          0        176   depilogue.o
        48          0          0          0          0         68   dfixul.o
       228          0          0          0          0         96   dmul.o

    ----------------------------------------------------------------------
      3898        112          0          4          0       1888   Library Totals
         4          0          0          0          0          0   (incl. Padding)

    ----------------------------------------------------------------------

      Code (inc. data)   RO Data    RW Data    ZI Data      Debug   Library Name

      2828        112          0          4          0       1232   mc_w.l
      1066          0          0          0          0        656   mf_w.l

    ----------------------------------------------------------------------
      3898        112          0          4          0       1888   Library Totals

    ----------------------------------------------------------------------

==============================================================================


      Code (inc. data)   RO Data    RW Data    ZI Data      Debug   

     25704       2580      12612       4104    8391560    1503064   Grand Totals
     25704       2580      12612       3292    8391560    1503064   ELF Image Totals (compressed)
     25704       2580      12612       3292          0          0   ROM Totals

==============================================================================

    Total RO  Size (Code + RO Data)                38316 (  37.42kB)
    Total RW  Size (RW Data + ZI Data)           8395664 (8198.89kB)
    Total ROM Size (Code + RO Data + RW Data)      41608 (  40.63kB)

==============================================================================

